Archive member included because of file (symbol)

./../Libraries/WiFi/TI/../BCDS_Customization/debug/libWifiLib_efm32_debug.a(netapp.o)
                              C:/XDK-Workbench/workspace/MQTT_Paho_latest/MQTT_Paho/debug/objects/paho/XDK/mqttXDK.o (sl_NetAppDnsGetHostByName)
./../Libraries/WiFi/TI/../BCDS_Customization/debug/libWifiLib_efm32_debug.a(netcfg.o)
                              C:/XDK-Workbench/workspace/MQTT_Paho_latest/MQTT_Paho/debug/objects/mqttWifi.o (sl_NetCfgGet)
./../Libraries/WiFi/TI/../BCDS_Customization/debug/libWifiLib_efm32_debug.a(socket.o)
                              C:/XDK-Workbench/workspace/MQTT_Paho_latest/MQTT_Paho/debug/objects/paho/XDK/mqttXDK.o (sl_Socket)
./../Libraries/WiFi/TI/../BCDS_Customization/debug/libWifiLib_efm32_debug.a(driver.o)
                              ./../Libraries/WiFi/TI/../BCDS_Customization/debug/libWifiLib_efm32_debug.a(netapp.o) (_SlDrvProtectAsyncRespSetting)
./../Libraries/WiFi/TI/../BCDS_Customization/debug/libWifiLib_efm32_debug.a(device.o)
                              ./../Libraries/WiFi/TI/../BCDS_Customization/debug/libWifiLib_efm32_debug.a(driver.o) (_sl_HandleAsync_Stop)
./../Platform/Wlan/debug/libWlan_efm32_debug.a(NetworkConfig.o)
                              ./../Libraries/WiFi/TI/../BCDS_Customization/debug/libWifiLib_efm32_debug.a(driver.o) (NetworkConfig_SlNetAppEvtHdlr)
./../Platform/Wlan/debug/libWlan_efm32_debug.a(WlanConnect.o)
                              ./../Libraries/WiFi/TI/../BCDS_Customization/debug/libWifiLib_efm32_debug.a(driver.o) (WlanConnect_SlGeneralEventHdlr)
./../Platform/Wlan/debug/libWlan_efm32_debug.a(WlanDriver.o)
                              ./../Platform/Wlan/debug/libWlan_efm32_debug.a(WlanConnect.o) (WlanDriver_Init)
./../Platform/ServalPAL_WiFi/release/libServalPalWifi_efm32.a(PAL_ip_cc.o)
                              C:/XDK-Workbench/workspace/MQTT_Paho_latest/MQTT_Paho/debug/objects/mqttWifi.o (Ip_convertAddrToString)
./../Platform/Sensors/debug/libSensors_efm32_debug.a(Environmental.o)
                              C:/XDK-Workbench/workspace/MQTT_Paho_latest/MQTT_Paho/debug/objects/mqttSensor.o (Environmental_init)
./../Platform/Sensors/debug/libSensors_efm32_debug.a(Gyroscope.o)
                              C:/XDK-Workbench/workspace/MQTT_Paho_latest/MQTT_Paho/debug/objects/mqttSensor.o (Gyroscope_init)
./../Platform/Sensors/debug/libSensors_efm32_debug.a(Accelerometer.o)
                              C:/XDK-Workbench/workspace/MQTT_Paho_latest/MQTT_Paho/debug/objects/mqttSensor.o (Accelerometer_init)
./../Platform/Sensors/debug/libSensors_efm32_debug.a(LightSensor.o)
                              C:/XDK-Workbench/workspace/MQTT_Paho_latest/MQTT_Paho/debug/objects/mqttSensor.o (LightSensor_init)
./../Platform/Sensors/debug/libSensors_efm32_debug.a(Magnetometer.o)
                              C:/XDK-Workbench/workspace/MQTT_Paho_latest/MQTT_Paho/debug/objects/mqttSensor.o (Magnetometer_init)
./../Platform/SensorUtils/debug/libSensorUtils_efm32_debug.a(Bma280Utils.o)
                              ./../Platform/Sensors/debug/libSensors_efm32_debug.a(Accelerometer.o) (Bma280Utils_initialize)
./../Platform/SensorUtils/debug/libSensorUtils_efm32_debug.a(AxisRemap.o)
                              ./../Platform/SensorUtils/debug/libSensorUtils_efm32_debug.a(Bma280Utils.o) (AxisRemap_remapSensorData)
./../Platform/SensorUtils/debug/libSensorUtils_efm32_debug.a(Bmi160Utils.o)
                              ./../Platform/Sensors/debug/libSensors_efm32_debug.a(Gyroscope.o) (Bmi160Utils_initialize)
./../Platform/SensorUtils/debug/libSensorUtils_efm32_debug.a(Bmg160Utils.o)
                              ./../Platform/Sensors/debug/libSensors_efm32_debug.a(Gyroscope.o) (Bmg160Utils_initialize)
./../Platform/SensorUtils/debug/libSensorUtils_efm32_debug.a(Bme280Utils.o)
                              ./../Platform/Sensors/debug/libSensors_efm32_debug.a(Environmental.o) (Bme280Utils_initialize)
./../Platform/SensorUtils/debug/libSensorUtils_efm32_debug.a(Bmm150Utils.o)
                              ./../Platform/Sensors/debug/libSensors_efm32_debug.a(Magnetometer.o) (Bmm150Utils_initialize)
./../Platform/SensorUtils/debug/libSensorUtils_efm32_debug.a(Max44009Utils.o)
                              ./../Platform/Sensors/debug/libSensors_efm32_debug.a(LightSensor.o) (Max44009Utils_initialize)
./../Libraries/FreeRTOS/FreeRTOS/../BCDS_Customization/debug/libFreeRTOS_efm32_debug.a(queue.o)
                              ./../Platform/Wlan/debug/libWlan_efm32_debug.a(WlanDriver.o) (xQueueGenericCreate)
./../Libraries/FreeRTOS/FreeRTOS/../BCDS_Customization/debug/libFreeRTOS_efm32_debug.a(tasks.o)
                              C:/XDK-Workbench/workspace/MQTT_Paho_latest/MQTT_Paho/debug/objects/mqttPahoClient.o (xTaskGenericCreate)
./../Libraries/FreeRTOS/FreeRTOS/../BCDS_Customization/debug/libFreeRTOS_efm32_debug.a(timers.o)
[...]
Memory Configuration

Name             Origin             Length             Attributes
FLASH            0x00010000         0x000f0000         xr
RAM              0x20000000         0x00020000         xrw
*default*        0x00000000         0xffffffff

Linker script and memory map

LOAD c:/xdk-workbench/armgcc/bin/../lib/gcc/arm-none-eabi/4.7.4/armv7-m/crti.o
LOAD c:/xdk-workbench/armgcc/bin/../lib/gcc/arm-none-eabi/4.7.4/armv7-m/crtbegin.o
LOAD c:/xdk-workbench/armgcc/bin/../lib/gcc/arm-none-eabi/4.7.4/../../../../arm-none-eabi/lib/armv7-m/crt0.o
LOAD C:/XDK-Workbench/workspace/MQTT_Paho_latest/MQTT_Paho/debug/objects/./../Platform/Utils/source/RSM_retargetStdioMessage/retargetio.o
LOAD C:/XDK-Workbench/workspace/MQTT_Paho_latest/MQTT_Paho/debug/objects/./../Libraries/EMlib/EMLib/usb/src/em_usbdint.o
LOAD C:/XDK-Workbench/workspace/MQTT_Paho_latest/MQTT_Paho/debug/objects/main.o
LOAD C:/XDK-Workbench/workspace/MQTT_Paho_latest/MQTT_Paho/debug/objects/mqttSensor.o
LOAD C:/XDK-Workbench/workspace/MQTT_Paho_latest/MQTT_Paho/debug/objects/mqttPahoClient.o
LOAD C:/XDK-Workbench/workspace/MQTT_Paho_latest/MQTT_Paho/debug/objects/mqttInit.o
LOAD C:/XDK-Workbench/workspace/MQTT_Paho_latest/MQTT_Paho/debug/objects/mqttWifi.o
LOAD C:/XDK-Workbench/workspace/MQTT_Paho_latest/MQTT_Paho/debug/objects/mqttButton.o
LOAD C:/XDK-Workbench/workspace/MQTT_Paho_latest/MQTT_Paho/debug/objects/paho/XDK/mqttXDK.o
LOAD C:/XDK-Workbench/workspace/MQTT_Paho_latest/MQTT_Paho/debug/objects/paho/MQTTClient.o
LOAD C:/XDK-Workbench/workspace/MQTT_Paho_latest/MQTT_Paho/debug/objects/paho/MQTTConnectClient.o
LOAD C:/XDK-Workbench/workspace/MQTT_Paho_latest/MQTT_Paho/debug/objects/paho/MQTTConnectServer.o
LOAD C:/XDK-Workbench/workspace/MQTT_Paho_latest/MQTT_Paho/debug/objects/paho/MQTTDeserializePublish.o
LOAD C:/XDK-Workbench/workspace/MQTT_Paho_latest/MQTT_Paho/debug/objects/paho/MQTTFormat.o
LOAD C:/XDK-Workbench/workspace/MQTT_Paho_latest/MQTT_Paho/debug/objects/paho/MQTTPacket.o
LOAD C:/XDK-Workbench/workspace/MQTT_Paho_latest/MQTT_Paho/debug/objects/paho/MQTTSerializePublish.o
LOAD C:/XDK-Workbench/workspace/MQTT_Paho_latest/MQTT_Paho/debug/objects/paho/MQTTSubscribeClient.o
LOAD C:/XDK-Workbench/workspace/MQTT_Paho_latest/MQTT_Paho/debug/objects/paho/MQTTSubscribeServer.o
LOAD C:/XDK-Workbench/workspace/MQTT_Paho_latest/MQTT_Paho/debug/objects/paho/MQTTUnsubscribeClient.o
LOAD C:/XDK-Workbench/workspace/MQTT_Paho_latest/MQTT_Paho/debug/objects/paho/MQTTUnsubscribeServer.o
LOAD C:/XDK-Workbench/workspace/MQTT_Paho_latest/MQTT_Paho/debug/objects/startup_efm32gg.o
START GROUP
LOAD ./../Platform/SensorToolbox/release/libSensorToolbox.a
LOAD ./../Libraries/WiFi/TI/../BCDS_Customization/debug/libWifiLib_efm32_debug.a
LOAD ./../Platform/Wlan/debug/libWlan_efm32_debug.a
LOAD ./../Libraries/ServalStack/BCDS_Customization/release/libServalStack_efm32.a
LOAD ./../Platform/ServalPAL_WiFi/release/libServalPalWifi_efm32.a
LOAD ./../Platform/MiscDrivers/debug/libMiscDrivers_efm32_debug.a
LOAD ./../Platform/BLE/debug/libBLE_efm32_debug.a
LOAD ./../Platform/Sensors/debug/libSensors_efm32_debug.a
LOAD ./../Platform/SensorUtils/debug/libSensorUtils_efm32_debug.a
LOAD ./../Libraries/FreeRTOS/FreeRTOS/../BCDS_Customization/debug/libFreeRTOS_efm32_debug.a
LOAD ./../Platform/Peripherals/debug/libPeripherals_efm32_debug.a
LOAD ./../Libraries/EMlib/EMLib/../BCDS_Customization/debug/libEMLib_efm32_debug.a
LOAD ./../Libraries/BSTLib/BST_Github/../BCDS_Customization/debug/libBSTLib_efm32_debug.a
LOAD ../Common/debug/XDKCommon_efm32_debug.a
LOAD ./../Platform/Utils/debug/libUtils_efm32_debug.a
LOAD ./../Platform/Basics/debug/libBasics_efm32_debug.a
LOAD ./../Platform/SensorDrivers/debug/libSensorDrivers_efm32_debug.a
LOAD ./../Platform/Power/debug/libPOWER_efm32_debug.a
LOAD ./../Platform/SensorDrivers/debug/libSensorDrivers_efm32_debug.a
LOAD ./../Libraries/FATfs/BCDS_Customization/debug/libFATfs_efm32_debug.a
LOAD ./../Platform/FOTA/debug/libFOTA_efm32_debug.a
LOAD ./../Libraries/Escrypt_CycurTLS/CycurTLS/src/cycurlib/../../../BCDS_Customization/release/libCYCURTLS_efm32.a
LOAD ./../Libraries/BLEStack/Alpwise/Core_Stack/Libraries/BLESW_CoreStack_CM3.a
LOAD ./../Libraries/BLEStack/Alpwise/Service/Data_Exchange_Service/Libraries/BLESW_ALPWDEP_Server_CM3.a
LOAD ./../Libraries/BLEStack/Alpwise/Core_Stack/Libraries/BLESW_ALPWDES_CM3.a
LOAD ./../Libraries/BLEStack/Alpwise/Service/BLESW_AlertNotification/Libraries/BLESW_ANP_Server_CM3.a
LOAD ./../Libraries/BLEStack/Alpwise/Core_Stack/Libraries/BLESW_ANS_CM3.a
LOAD ./../Libraries/BLEStack/Alpwise/Service/BLESW_BloodPressure/Libraries/BLESW_BLP_Sensor_CM3.a
LOAD ./../Libraries/BLEStack/Alpwise/Core_Stack/Libraries/BLESW_BLS_CM3.a
LOAD ./../Libraries/BLEStack/Alpwise/Service/BLESW_CyclingPower/Libraries/BLESW_CPP_Sensor_CM3.a
LOAD ./../Libraries/BLEStack/Alpwise/Core_Stack/Libraries/BLESW_CPS_CM3.a
LOAD ./../Libraries/BLEStack/Alpwise/Service/BLESW_CyclingSpeedAndCadence/Libraries/BLESW_CSCP_Sensor_CM3.a
LOAD ./../Libraries/BLEStack/Alpwise/Core_Stack/Libraries/BLESW_CSCS_CM3.a
LOAD ./../Libraries/BLEStack/Alpwise/Service/BLESW_Glucose/Libraries/BLESW_GLP_Sensor_CM3.a
LOAD ./../Libraries/BLEStack/Alpwise/Core_Stack/Libraries/BLESW_GLS_CM3.a
LOAD ./../Libraries/BLEStack/Alpwise/Service/BLESW_HealthThermometer/Libraries/BLESW_HTP_Thermometer_CM3.a
LOAD ./../Libraries/BLEStack/Alpwise/Core_Stack/Libraries/BLESW_HTS_CM3.a
LOAD ./../Libraries/BLEStack/Alpwise/Service/BLESW_HeartRate/Libraries/BLESW_HRP_Sensor_CM3.a
LOAD ./../Libraries/BLEStack/Alpwise/Core_Stack/Libraries/BLESW_HRS_CM3.a
LOAD ./../Libraries/BLEStack/Alpwise/Service/BLESW_HumanInterfaceDevice/Libraries/BLESW_HID_Host_CM3.a
LOAD ./../Libraries/BLEStack/Alpwise/Core_Stack/Libraries/BLESW_HIDS_CM3.a
LOAD ./../Libraries/BLEStack/Alpwise/Service/BLESW_LocationAndNavigation/Libraries/BLESW_LNP_Sensor_CM3.a
LOAD ./../Libraries/BLEStack/Alpwise/Core_Stack/Libraries/BLESW_LNS_CM3.a
LOAD ./../Libraries/BLEStack/Alpwise/Service/BLESW_NetworkAvailability/Libraries/BLESW_NWAP_Reporter_CM3.a
LOAD ./../Libraries/BLEStack/Alpwise/Core_Stack/Libraries/BLESW_NWAS_CM3.a
LOAD ./../Libraries/BLEStack/Alpwise/Service/BLESW_PhoneAlertStatus/Libraries/BLESW_PASP_Server_CM3.a
LOAD ./../Libraries/BLEStack/Alpwise/Core_Stack/Libraries/BLESW_PASS_CM3.a
LOAD ./../Libraries/BLEStack/Alpwise/Service/BLESW_RunningSpeedAndCadence/Libraries/BLESW_RSCP_Sensor_CM3.a
LOAD ./../Libraries/BLEStack/Alpwise/Core_Stack/Libraries/BLESW_RSCS_CM3.a
LOAD ./../Libraries/EMlib/EMLib/CMSIS/Lib/GCC/libarm_cortexM3l_math.a
END GROUP
START GROUP
LOAD c:/xdk-workbench/armgcc/bin/../lib/gcc/arm-none-eabi/4.7.4/armv7-m\libgcc.a
LOAD c:/xdk-workbench/armgcc/bin/../lib/gcc/arm-none-eabi/4.7.4/../../../../arm-none-eabi/lib/armv7-m\libc.a
LOAD c:/xdk-workbench/armgcc/bin/../lib/gcc/arm-none-eabi/4.7.4/../../../../arm-none-eabi/lib/armv7-m\libm.a
END GROUP
START GROUP
LOAD c:/xdk-workbench/armgcc/bin/../lib/gcc/arm-none-eabi/4.7.4/armv7-m\libgcc.a
LOAD c:/xdk-workbench/armgcc/bin/../lib/gcc/arm-none-eabi/4.7.4/../../../../arm-none-eabi/lib/armv7-m\libc.a
END GROUP
LOAD c:/xdk-workbench/armgcc/bin/../lib/gcc/arm-none-eabi/4.7.4/armv7-m/crtend.o
LOAD c:/xdk-workbench/armgcc/bin/../lib/gcc/arm-none-eabi/4.7.4/armv7-m/crtn.o

.text           0x00010000    0x247fc
 *(.isr_vector)
 .isr_vector    0x00010000      0x100 C:/XDK-Workbench/workspace/MQTT_Paho_latest/MQTT_Paho/debug/objects/startup_efm32gg.o
                0x00010000                __isr_vector
 *(.text*)
 .text          0x00010100       0x54 c:/xdk-workbench/armgcc/bin/../lib/gcc/arm-none-eabi/4.7.4/armv7-m/crtbegin.o
 .text          0x00010154       0x70 c:/xdk-workbench/armgcc/bin/../lib/gcc/arm-none-eabi/4.7.4/../../../../arm-none-eabi/lib/armv7-m/crt0.o
                0x00010154                _start
                0x00010154                start
                0x00010154                _mainCRTStartup
 .text._close   0x000101c4       0x18 C:/XDK-Workbench/workspace/MQTT_Paho_latest/MQTT_Paho/debug/objects/./../Platform/Utils/source/RSM_retargetStdioMessage/retargetio.o
                0x000101c4                _close
 .text._exit    0x000101dc        0xc C:/XDK-Workbench/workspace/MQTT_Paho_latest/MQTT_Paho/debug/objects/./../Platform/Utils/source/RSM_retargetStdioMessage/retargetio.o
                0x000101dc                _exit
 .text._fstat   0x000101e8       0x24 C:/XDK-Workbench/workspace/MQTT_Paho_latest/MQTT_Paho/debug/objects/./../Platform/Utils/source/RSM_retargetStdioMessage/retargetio.o
                0x000101e8                _fstat
 .text._isatty  0x0001020c       0x18 C:/XDK-Workbench/workspace/MQTT_Paho_latest/MQTT_Paho/debug/objects/./../Platform/Utils/source/RSM_retargetStdioMessage/retargetio.o
                0x0001020c                _isatty
 .text._lseek   0x00010224       0x1c C:/XDK-Workbench/workspace/MQTT_Paho_latest/MQTT_Paho/debug/objects/./../Platform/Utils/source/RSM_retargetStdioMessage/retargetio.o
                0x00010224                _lseek
 .text._read    0x00010240       0x70 C:/XDK-Workbench/workspace/MQTT_Paho_latest/MQTT_Paho/debug/objects/./../Platform/Utils/source/RSM_retargetStdioMessage/retargetio.o
                0x00010240                _read
 .text._sbrk    0x000102b0       0xa0 C:/XDK-Workbench/workspace/MQTT_Paho_latest/MQTT_Paho/debug/objects/./../Platform/Utils/source/RSM_retargetStdioMessage/retargetio.o
                0x000102b0                _sbrk
 .text._write   0x00010350       0x20 C:/XDK-Workbench/workspace/MQTT_Paho_latest/MQTT_Paho/debug/objects/./../Platform/Utils/source/RSM_retargetStdioMessage/retargetio.o
                0x00010350                _write
 .text.INT_Disable
                0x00010370       0x40 C:/XDK-Workbench/workspace/MQTT_Paho_latest/MQTT_Paho/debug/objects/./../Libraries/EMlib/EMLib/usb/src/em_usbdint.o
 .text.INT_Enable
                0x000103b0       0x54 C:/XDK-Workbench/workspace/MQTT_Paho_latest/MQTT_Paho/debug/objects/./../Libraries/EMlib/EMLib/usb/src/em_usbdint.o
 .text.USBHAL_FlushTxFifo
                0x00010404       0x4c C:/XDK-Workbench/workspace/MQTT_Paho_latest/MQTT_Paho/debug/objects/./../Libraries/EMlib/EMLib/usb/src/em_usbdint.o
 .text.USBHAL_GetCoreInts
                0x00010450       0x40 C:/XDK-Workbench/workspace/MQTT_Paho_latest/MQTT_Paho/debug/objects/./../Libraries/EMlib/EMLib/usb/src/em_usbdint.o
 .text.USBDHAL_EnableInts
                0x00010490       0x70 C:/XDK-Workbench/workspace/MQTT_Paho_latest/MQTT_Paho/debug/objects/./../Libraries/EMlib/EMLib/usb/src/em_usbdint.o
 .text.USBDHAL_Ep0Activate
                0x00010500       0x70 C:/XDK-Workbench/workspace/MQTT_Paho_latest/MQTT_Paho/debug/objects/./../Libraries/EMlib/EMLib/usb/src/em_usbdint.o
 .text.USBDHAL_GetAllInEpInts
                0x00010570       0x48 C:/XDK-Workbench/workspace/MQTT_Paho_latest/MQTT_Paho/debug/objects/./../Libraries/EMlib/EMLib/usb/src/em_usbdint.o
 .text.USBDHAL_GetAllOutEpInts
                0x000105b8       0x44 C:/XDK-Workbench/workspace/MQTT_Paho_latest/MQTT_Paho/debug/objects/./../Libraries/EMlib/EMLib/usb/src/em_usbdint.o
 .text.USBDHAL_GetInEpInts
                0x000105fc       0x44 C:/XDK-Workbench/workspace/MQTT_Paho_latest/MQTT_Paho/debug/objects/./../Libraries/EMlib/EMLib/usb/src/em_usbdint.o
 .text.USBDHAL_GetOutEpInts
                0x00010640       0x44 C:/XDK-Workbench/workspace/MQTT_Paho_latest/MQTT_Paho/debug/objects/./../Libraries/EMlib/EMLib/usb/src/em_usbdint.o
 .text.USBDHAL_StartEp0Setup
                0x00010684       0x88 C:/XDK-Workbench/workspace/MQTT_Paho_latest/MQTT_Paho/debug/objects/./../Libraries/EMlib/EMLib/usb/src/em_usbdint.o
 .text.USBD_GetEpFromAddr
                0x0001070c       0xa0 C:/XDK-Workbench/workspace/MQTT_Paho_latest/MQTT_Paho/debug/objects/./../Libraries/EMlib/EMLib/usb/src/em_usbdint.o
 .text.USB_IRQHandler
                0x000107ac      0x16c C:/XDK-Workbench/workspace/MQTT_Paho_latest/MQTT_Paho/debug/objects/./../Libraries/EMlib/EMLib/usb/src/em_usbdint.o
                0x000107ac                USB_IRQHandler
 .text.Handle_USB_GINTSTS_ENUMDONE
                0x00010918       0x3c C:/XDK-Workbench/workspace/MQTT_Paho_latest/MQTT_Paho/debug/objects/./../Libraries/EMlib/EMLib/usb/src/em_usbdint.o
 .text.Handle_USB_GINTSTS_IEPINT
                0x00010954      0x118 C:/XDK-Workbench/workspace/MQTT_Paho_latest/MQTT_Paho/debug/objects/./../Libraries/EMlib/EMLib/usb/src/em_usbdint.o
 .text.Handle_USB_GINTSTS_OEPINT
                0x00010a6c      0x230 C:/XDK-Workbench/workspace/MQTT_Paho_latest/MQTT_Paho/debug/objects/./../Libraries/EMlib/EMLib/usb/src/em_usbdint.o
 .text.Handle_USB_GINTSTS_RESETDET
                0x00010c9c       0x40 C:/XDK-Workbench/workspace/MQTT_Paho_latest/MQTT_Paho/debug/objects/./../Libraries/EMlib/EMLib/usb/src/em_usbdint.o
 .text.Handle_USB_GINTSTS_SOF
                0x00010cdc       0x64 C:/XDK-Workbench/workspace/MQTT_Paho_latest/MQTT_Paho/debug/objects/./../Libraries/EMlib/EMLib/usb/src/em_usbdint.o
 .text.Handle_USB_GINTSTS_USBRST
                0x00010d40      0x150 C:/XDK-Workbench/workspace/MQTT_Paho_latest/MQTT_Paho/debug/objects/./../Libraries/EMlib/EMLib/usb/src/em_usbdint.o
 .text.Handle_USB_GINTSTS_USBSUSP
                0x00010e90       0x68 C:/XDK-Workbench/workspace/MQTT_Paho_latest/MQTT_Paho/debug/objects/./../Libraries/EMlib/EMLib/usb/src/em_usbdint.o
 .text.Handle_USB_GINTSTS_WKUPINT
                0x00010ef8       0x30 C:/XDK-Workbench/workspace/MQTT_Paho_latest/MQTT_Paho/debug/objects/./../Libraries/EMlib/EMLib/usb/src/em_usbdint.o
 .text.main     0x00010f28       0x10 C:/XDK-Workbench/workspace/MQTT_Paho_latest/MQTT_Paho/debug/objects/main.o
                0x00010f28                main
 .text.sensorInitializeAccel
                0x00010f38       0x3c C:/XDK-Workbench/workspace/MQTT_Paho_latest/MQTT_Paho/debug/objects/mqttSensor.o
 .text.sensorStreamData
                0x00010f74      0x2b8 C:/XDK-Workbench/workspace/MQTT_Paho_latest/MQTT_Paho/debug/objects/mqttSensor.o
                0x00010f74                sensorStreamData
 .text.sensorInit
                0x0001122c       0x2c C:/XDK-Workbench/workspace/MQTT_Paho_latest/MQTT_Paho/debug/objects/mqttSensor.o
                0x0001122c                sensorInit
 .text.clientTask
                0x00011258       0xdc C:/XDK-Workbench/workspace/MQTT_Paho_latest/MQTT_Paho/debug/objects/mqttPahoClient.o
 .text.clientStartTimer
                0x00011334       0x38 C:/XDK-Workbench/workspace/MQTT_Paho_latest/MQTT_Paho/debug/objects/mqttPahoClient.o
                0x00011334                clientStartTimer
 .text.clientStopTimer
                0x0001136c       0x30 C:/XDK-Workbench/workspace/MQTT_Paho_latest/MQTT_Paho/debug/objects/mqttPahoClient.o
                0x0001136c                clientStopTimer
 .text.clientInit
                0x0001139c      0x2b0 C:/XDK-Workbench/workspace/MQTT_Paho_latest/MQTT_Paho/debug/objects/mqttPahoClient.o
                0x0001139c                clientInit
 .text.clientDeinit
                0x0001164c       0x28 C:/XDK-Workbench/workspace/MQTT_Paho_latest/MQTT_Paho/debug/objects/mqttPahoClient.o
                0x0001164c                clientDeinit
 .text.GPIO_PinOutSet
                0x00011674       0x4c C:/XDK-Workbench/workspace/MQTT_Paho_latest/MQTT_Paho/debug/objects/mqttInit.o
 .text.appInitSystem
                0x000116c0       0x44 C:/XDK-Workbench/workspace/MQTT_Paho_latest/MQTT_Paho/debug/objects/mqttInit.o
                0x000116c0                appInitSystem
 .text.wifiInit
                0x00011704      0x1d4 C:/XDK-Workbench/workspace/MQTT_Paho_latest/MQTT_Paho/debug/objects/mqttWifi.o
                0x00011704                wifiInit
 .text.GPIO_PortOutClear
                0x000118d8       0x40 C:/XDK-Workbench/workspace/MQTT_Paho_latest/MQTT_Paho/debug/objects/mqttButton.o
 .text.buttonCallback
                0x00011918       0x58 C:/XDK-Workbench/workspace/MQTT_Paho_latest/MQTT_Paho/debug/objects/mqttButton.o
 .text.buttonInit
                0x00011970      0x10c C:/XDK-Workbench/workspace/MQTT_Paho_latest/MQTT_Paho/debug/objects/mqttButton.o
                0x00011970                buttonInit
 .text.expired  0x00011a7c       0x2c C:/XDK-Workbench/workspace/MQTT_Paho_latest/MQTT_Paho/debug/objects/paho/XDK/mqttXDK.o
                0x00011a7c                expired
 .text.countdown_ms
                0x00011aa8       0x24 C:/XDK-Workbench/workspace/MQTT_Paho_latest/MQTT_Paho/debug/objects/paho/XDK/mqttXDK.o
                0x00011aa8                countdown_ms
 .text.countdown
                0x00011acc       0x2c C:/XDK-Workbench/workspace/MQTT_Paho_latest/MQTT_Paho/debug/objects/paho/XDK/mqttXDK.o
                0x00011acc                countdown
 .text.left_ms  0x00011af8       0x2c C:/XDK-Workbench/workspace/MQTT_Paho_latest/MQTT_Paho/debug/objects/paho/XDK/mqttXDK.o
                0x00011af8                left_ms
 .text.InitTimer
                0x00011b24       0x1c C:/XDK-Workbench/workspace/MQTT_Paho_latest/MQTT_Paho/debug/objects/paho/XDK/mqttXDK.o
                0x00011b24                InitTimer
 .text.xdk_read
                0x00011b40       0xc8 C:/XDK-Workbench/workspace/MQTT_Paho_latest/MQTT_Paho/debug/objects/paho/XDK/mqttXDK.o
                0x00011b40                xdk_read
 .text.xdk_write
                0x00011c08       0xa4 C:/XDK-Workbench/workspace/MQTT_Paho_latest/MQTT_Paho/debug/objects/paho/XDK/mqttXDK.o
                0x00011c08                xdk_write
 .text.xdk_disconnect
                0x00011cac       0x20 C:/XDK-Workbench/workspace/MQTT_Paho_latest/MQTT_Paho/debug/objects/paho/XDK/mqttXDK.o
                0x00011cac                xdk_disconnect
 .text.NewNetwork
                0x00011ccc       0x40 C:/XDK-Workbench/workspace/MQTT_Paho_latest/MQTT_Paho/debug/objects/paho/XDK/mqttXDK.o
                0x00011ccc                NewNetwork
 .text.ConnectNetwork
                0x00011d0c       0xc0 C:/XDK-Workbench/workspace/MQTT_Paho_latest/MQTT_Paho/debug/objects/paho/XDK/mqttXDK.o
                0x00011d0c                ConnectNetwork
 .text.NewMessageData
                0x00011dcc       0x24 C:/XDK-Workbench/workspace/MQTT_Paho_latest/MQTT_Paho/debug/objects/paho/MQTTClient.o
                0x00011dcc                NewMessageData
 .text.getNextPacketId
                0x00011df0       0x38 C:/XDK-Workbench/workspace/MQTT_Paho_latest/MQTT_Paho/debug/objects/paho/MQTTClient.o
                0x00011df0                getNextPacketId
 .text.sendPacket
                0x00011e28       0x98 C:/XDK-Workbench/workspace/MQTT_Paho_latest/MQTT_Paho/debug/objects/paho/MQTTClient.o
                0x00011e28                sendPacket
 .text.MQTTClient
                0x00011ec0       0x88 C:/XDK-Workbench/workspace/MQTT_Paho_latest/MQTT_Paho/debug/objects/paho/MQTTClient.o
                0x00011ec0                MQTTClient
 .text.decodePacket
                0x00011f48       0xa0 C:/XDK-Workbench/workspace/MQTT_Paho_latest/MQTT_Paho/debug/objects/paho/MQTTClient.o
                0x00011f48                decodePacket
 .text.readPacket
                0x00011fe8       0xdc C:/XDK-Workbench/workspace/MQTT_Paho_latest/MQTT_Paho/debug/objects/paho/MQTTClient.o
                0x00011fe8                readPacket
 .text.isTopicMatched
                0x000120c4       0xe0 C:/XDK-Workbench/workspace/MQTT_Paho_latest/MQTT_Paho/debug/objects/paho/MQTTClient.o
                0x000120c4                isTopicMatched
 .text.deliverMessage
                0x000121a4       0xf4 C:/XDK-Workbench/workspace/MQTT_Paho_latest/MQTT_Paho/debug/objects/paho/MQTTClient.o
                0x000121a4                deliverMessage
 .text.keepalive
                0x00012298       0x94 C:/XDK-Workbench/workspace/MQTT_Paho_latest/MQTT_Paho/debug/objects/paho/MQTTClient.o
                0x00012298                keepalive
 .text.cycle    0x0001232c      0x1d8 C:/XDK-Workbench/workspace/MQTT_Paho_latest/MQTT_Paho/debug/objects/paho/MQTTClient.o
                0x0001232c                cycle
 .text.MQTTYield
                0x00012504       0x64 C:/XDK-Workbench/workspace/MQTT_Paho_latest/MQTT_Paho/debug/objects/paho/MQTTClient.o
                0x00012504                MQTTYield
 .text.waitfor  0x00012568       0x40 C:/XDK-Workbench/workspace/MQTT_Paho_latest/MQTT_Paho/debug/objects/paho/MQTTClient.o
                0x00012568                waitfor
 .text.MQTTConnect
                0x000125a8      0x124 C:/XDK-Workbench/workspace/MQTT_Paho_latest/MQTT_Paho/debug/objects/paho/MQTTClient.o
                0x000125a8                MQTTConnect
 .text.MQTTPublish
                0x000126cc      0x198 C:/XDK-Workbench/workspace/MQTT_Paho_latest/MQTT_Paho/debug/objects/paho/MQTTClient.o
                0x000126cc                MQTTPublish
 .text.MQTTDisconnect
                0x00012864       0x64 C:/XDK-Workbench/workspace/MQTT_Paho_latest/MQTT_Paho/debug/objects/paho/MQTTClient.o
                0x00012864                MQTTDisconnect
 .text.MQTTSerialize_connectLength
                0x000128c8       0xe0 C:/XDK-Workbench/workspace/MQTT_Paho_latest/MQTT_Paho/debug/objects/paho/MQTTConnectClient.o
                0x000128c8                MQTTSerialize_connectLength
 .text.MQTTSerialize_connect
                0x000129a8      0x204 C:/XDK-Workbench/workspace/MQTT_Paho_latest/MQTT_Paho/debug/objects/paho/MQTTConnectClient.o
                0x000129a8                MQTTSerialize_connect
 .text.MQTTDeserialize_connack
                0x00012bac       0xb8 C:/XDK-Workbench/workspace/MQTT_Paho_latest/MQTT_Paho/debug/objects/paho/MQTTConnectClient.o
                0x00012bac                MQTTDeserialize_connack
 .text.MQTTSerialize_zero
                0x00012c64       0x7c C:/XDK-Workbench/workspace/MQTT_Paho_latest/MQTT_Paho/debug/objects/paho/MQTTConnectClient.o
                0x00012c64                MQTTSerialize_zero
 .text.MQTTSerialize_disconnect
                0x00012ce0       0x24 C:/XDK-Workbench/workspace/MQTT_Paho_latest/MQTT_Paho/debug/objects/paho/MQTTConnectClient.o
                0x00012ce0                MQTTSerialize_disconnect
 .text.MQTTSerialize_pingreq
                0x00012d04       0x24 C:/XDK-Workbench/workspace/MQTT_Paho_latest/MQTT_Paho/debug/objects/paho/MQTTConnectClient.o
                0x00012d04                MQTTSerialize_pingreq
 .text.MQTTDeserialize_publish
                0x00012d28       0xec C:/XDK-Workbench/workspace/MQTT_Paho_latest/MQTT_Paho/debug/objects/paho/MQTTDeserializePublish.o
                0x00012d28                MQTTDeserialize_publish
 .text.MQTTDeserialize_ack
                0x00012e14       0xa0 C:/XDK-Workbench/workspace/MQTT_Paho_latest/MQTT_Paho/debug/objects/paho/MQTTDeserializePublish.o
                0x00012e14                MQTTDeserialize_ack
 .text.MQTTPacket_encode
                0x00012eb4       0x74 C:/XDK-Workbench/workspace/MQTT_Paho_latest/MQTT_Paho/debug/objects/paho/MQTTPacket.o
                0x00012eb4                MQTTPacket_encode
 .text.MQTTPacket_decode
                0x00012f28       0x88 C:/XDK-Workbench/workspace/MQTT_Paho_latest/MQTT_Paho/debug/objects/paho/MQTTPacket.o
                0x00012f28                MQTTPacket_decode
 .text.MQTTPacket_len
                0x00012fb0       0x64 C:/XDK-Workbench/workspace/MQTT_Paho_latest/MQTT_Paho/debug/objects/paho/MQTTPacket.o
                0x00012fb0                MQTTPacket_len
 .text.bufchar  0x00013014       0x50 C:/XDK-Workbench/workspace/MQTT_Paho_latest/MQTT_Paho/debug/objects/paho/MQTTPacket.o
                0x00013014                bufchar
 .text.MQTTPacket_decodeBuf
                0x00013064       0x30 C:/XDK-Workbench/workspace/MQTT_Paho_latest/MQTT_Paho/debug/objects/paho/MQTTPacket.o
                0x00013064                MQTTPacket_decodeBuf
 .text.readInt  0x00013094       0x3c C:/XDK-Workbench/workspace/MQTT_Paho_latest/MQTT_Paho/debug/objects/paho/MQTTPacket.o
                0x00013094                readInt
 .text.readChar
                0x000130d0       0x2c C:/XDK-Workbench/workspace/MQTT_Paho_latest/MQTT_Paho/debug/objects/paho/MQTTPacket.o
                0x000130d0                readChar
 .text.writeChar
                0x000130fc       0x2c C:/XDK-Workbench/workspace/MQTT_Paho_latest/MQTT_Paho/debug/objects/paho/MQTTPacket.o
                0x000130fc                writeChar
 .text.writeInt
                0x00013128       0x68 C:/XDK-Workbench/workspace/MQTT_Paho_latest/MQTT_Paho/debug/objects/paho/MQTTPacket.o
                0x00013128                writeInt
 .text.writeCString
                0x00013190       0x40 C:/XDK-Workbench/workspace/MQTT_Paho_latest/MQTT_Paho/debug/objects/paho/MQTTPacket.o
                0x00013190                writeCString
 .text.writeMQTTString
                0x000131d0       0x64 C:/XDK-Workbench/workspace/MQTT_Paho_latest/MQTT_Paho/debug/objects/paho/MQTTPacket.o
                0x000131d0                writeMQTTString
 .text.readMQTTLenString
                0x00013234       0x6c C:/XDK-Workbench/workspace/MQTT_Paho_latest/MQTT_Paho/debug/objects/paho/MQTTPacket.o
                0x00013234                readMQTTLenString
 .text.MQTTstrlen
                0x000132a0       0x38 C:/XDK-Workbench/workspace/MQTT_Paho_latest/MQTT_Paho/debug/objects/paho/MQTTPacket.o
                0x000132a0                MQTTstrlen
 .text.MQTTPacket_equals
                0x000132d8       0x78 C:/XDK-Workbench/workspace/MQTT_Paho_latest/MQTT_Paho/debug/objects/paho/MQTTPacket.o
                0x000132d8                MQTTPacket_equals
 .text.MQTTSerialize_publishLength
                0x00013350       0x48 C:/XDK-Workbench/workspace/MQTT_Paho_latest/MQTT_Paho/debug/objects/paho/MQTTSerializePublish.o
                0x00013350                MQTTSerialize_publishLength
 .text.MQTTSerialize_publish
                0x00013398      0x100 C:/XDK-Workbench/workspace/MQTT_Paho_latest/MQTT_Paho/debug/objects/paho/MQTTSerializePublish.o
                0x00013398                MQTTSerialize_publish
 .text.MQTTSerialize_ack
                0x00013498       0xac C:/XDK-Workbench/workspace/MQTT_Paho_latest/MQTT_Paho/debug/objects/paho/MQTTSerializePublish.o
                0x00013498                MQTTSerialize_ack
 .text          0x00013544       0x98 C:/XDK-Workbench/workspace/MQTT_Paho_latest/MQTT_Paho/debug/objects/startup_efm32gg.o
                0x00013544                Reset_Handler
                0x00013578                Default_Handler
                0x0001357a                NMI_Handler
                0x0001357c                HardFault_Handler
                0x0001357e                MemManage_Handler
                0x00013580                BusFault_Handler
                0x00013582                UsageFault_Handler
                0x00013586                DebugMon_Handler
                0x0001358a                SysTick_Handler
                0x00013596                ACMP0_IRQHandler
                0x0001359a                ADC0_IRQHandler
                0x0001359c                DAC0_IRQHandler
                0x000135a6                TIMER2_IRQHandler
                0x000135a8                TIMER3_IRQHandler
                0x000135ae                LESENSE_IRQHandler
                0x000135c0                LETIMER0_IRQHandler
                0x000135c2                PCNT0_IRQHandler
                0x000135c4                PCNT1_IRQHandler
                0x000135c6                PCNT2_IRQHandler
                0x000135ca                BURTC_IRQHandler
                0x000135ce                VCMP_IRQHandler
                0x000135d0                LCD_IRQHandler
                0x000135d2                MSC_IRQHandler
                0x000135d4                AES_IRQHandler
                0x000135d6                EBI_IRQHandler
                0x000135d8                EMU_IRQHandler
 .text.sl_NetAppStop
                0x000135dc       0x58 ./../Libraries/WiFi/TI/../BCDS_Customization/debug/libWifiLib_efm32_debug.a(netapp.o)
                0x000135dc                sl_NetAppStop
 .text._sl_HandleAsync_DnsGetHostByService
                0x00013634      0x114 ./../Libraries/WiFi/TI/../BCDS_Customization/debug/libWifiLib_efm32_debug.a(netapp.o)
                0x00013634                _sl_HandleAsync_DnsGetHostByService
 .text.sl_NetAppDnsGetHostByName
                0x00013748      0x194 ./../Libraries/WiFi/TI/../BCDS_Customization/debug/libWifiLib_efm32_debug.a(netapp.o)
                0x00013748                sl_NetAppDnsGetHostByName
 .text._sl_HandleAsync_DnsGetHostByName
                0x000138dc      0x108 ./../Libraries/WiFi/TI/../BCDS_Customization/debug/libWifiLib_efm32_debug.a(netapp.o)
                0x000138dc                _sl_HandleAsync_DnsGetHostByName
 .text.CopyPingResultsToReport
                0x000139e4       0x44 ./../Libraries/WiFi/TI/../BCDS_Customization/debug/libWifiLib_efm32_debug.a(netapp.o)
 .text._sl_HandleAsync_PingResponse
                0x00013a28       0xf4 ./../Libraries/WiFi/TI/../BCDS_Customization/debug/libWifiLib_efm32_debug.a(netapp.o)
                0x00013a28                _sl_HandleAsync_PingResponse
 .text._sl_NetAppSendTokenValue
                0x00013b1c       0x88 ./../Libraries/WiFi/TI/../BCDS_Customization/debug/libWifiLib_efm32_debug.a(netapp.o)
                0x00013b1c                _sl_NetAppSendTokenValue
 .text._SlDrvNetAppEventHandler
                0x00013ba4      0x148 ./../Libraries/WiFi/TI/../BCDS_Customization/debug/libWifiLib_efm32_debug.a(netapp.o)
                0x00013ba4                _SlDrvNetAppEventHandler
 .text.sl_NetCfgSet
                0x00013cec       0x94 ./../Libraries/WiFi/TI/../BCDS_Customization/debug/libWifiLib_efm32_debug.a(netcfg.o)
                0x00013cec                sl_NetCfgSet
 .text.sl_NetCfgGet
                0x00013d80       0xd8 ./../Libraries/WiFi/TI/../BCDS_Customization/debug/libWifiLib_efm32_debug.a(netcfg.o)
                0x00013d80                sl_NetCfgGet
 .text._sl_BuildAddress
                0x00013e58       0x60 ./../Libraries/WiFi/TI/../BCDS_Customization/debug/libWifiLib_efm32_debug.a(socket.o)
 .text._sl_TruncatePayloadByProtocol
                0x00013eb8       0x44 ./../Libraries/WiFi/TI/../BCDS_Customization/debug/libWifiLib_efm32_debug.a(socket.o)
 .text.sl_Socket
                0x00013efc       0x7c ./../Libraries/WiFi/TI/../BCDS_Customization/debug/libWifiLib_efm32_debug.a(socket.o)
                0x00013efc                sl_Socket
 .text.sl_Close
                0x00013f78       0x5c ./../Libraries/WiFi/TI/../BCDS_Customization/debug/libWifiLib_efm32_debug.a(socket.o)
                0x00013f78                sl_Close
 .text.sl_Connect
                0x00013fd4      0x1b0 ./../Libraries/WiFi/TI/../BCDS_Customization/debug/libWifiLib_efm32_debug.a(socket.o)
                0x00013fd4                sl_Connect
 .text._sl_HandleAsync_Connect
                0x00014184       0xd4 ./../Libraries/WiFi/TI/../BCDS_Customization/debug/libWifiLib_efm32_debug.a(socket.o)
                0x00014184                _sl_HandleAsync_Connect
 .text.sl_Send  0x00014258      0x124 ./../Libraries/WiFi/TI/../BCDS_Customization/debug/libWifiLib_efm32_debug.a(socket.o)
                0x00014258                sl_Send
 .text.sl_Htonl
                0x0001437c       0x58 ./../Libraries/WiFi/TI/../BCDS_Customization/debug/libWifiLib_efm32_debug.a(socket.o)
                0x0001437c                sl_Htonl
 .text.sl_Htons
                0x000143d4       0x48 ./../Libraries/WiFi/TI/../BCDS_Customization/debug/libWifiLib_efm32_debug.a(socket.o)
                0x000143d4                sl_Htons
 .text._sl_HandleAsync_Accept
                0x0001441c       0xa8 ./../Libraries/WiFi/TI/../BCDS_Customization/debug/libWifiLib_efm32_debug.a(socket.o)
                0x0001441c                _sl_HandleAsync_Accept
 .text._sl_HandleAsync_Select
                0x000144c4       0x94 ./../Libraries/WiFi/TI/../BCDS_Customization/debug/libWifiLib_efm32_debug.a(socket.o)
                0x000144c4                _sl_HandleAsync_Select
 .text.sl_Recv  0x00014558       0x90 ./../Libraries/WiFi/TI/../BCDS_Customization/debug/libWifiLib_efm32_debug.a(socket.o)
                0x00014558                sl_Recv
 .text.sl_Select
                0x000145e8      0x188 ./../Libraries/WiFi/TI/../BCDS_Customization/debug/libWifiLib_efm32_debug.a(socket.o)
                0x000145e8                sl_Select
 .text.SL_FD_SET
                0x00014770       0x30 ./../Libraries/WiFi/TI/../BCDS_Customization/debug/libWifiLib_efm32_debug.a(socket.o)
                0x00014770                SL_FD_SET
 .text.SL_FD_ZERO
                0x000147a0       0x1c ./../Libraries/WiFi/TI/../BCDS_Customization/debug/libWifiLib_efm32_debug.a(socket.o)
                0x000147a0                SL_FD_ZERO
 .text._SlDrvProtectAsyncRespSetting
                0x000147bc       0x5c ./../Libraries/WiFi/TI/../BCDS_Customization/debug/libWifiLib_efm32_debug.a(driver.o)
                0x000147bc                _SlDrvProtectAsyncRespSetting
 .text._SlDrvDriverCBInit
                0x00014818      0x25c ./../Libraries/WiFi/TI/../BCDS_Customization/debug/libWifiLib_efm32_debug.a(driver.o)
                0x00014818                _SlDrvDriverCBInit
 .text._SlDrvDriverCBDeinit
                0x00014a74      0x190 ./../Libraries/WiFi/TI/../BCDS_Customization/debug/libWifiLib_efm32_debug.a(driver.o)
                0x00014a74                _SlDrvDriverCBDeinit
 .text._SlDrvRxIrqHandler
                0x00014c04       0x84 ./../Libraries/WiFi/TI/../BCDS_Customization/debug/libWifiLib_efm32_debug.a(driver.o)
                0x00014c04                _SlDrvRxIrqHandler
 .text._SlDrvCmdOp
                0x00014c88       0xe4 ./../Libraries/WiFi/TI/../BCDS_Customization/debug/libWifiLib_efm32_debug.a(driver.o)
                0x00014c88                _SlDrvCmdOp
 .text._SlDrvDataReadOp
                0x00014d6c      0x270 ./../Libraries/WiFi/TI/../BCDS_Customization/debug/libWifiLib_efm32_debug.a(driver.o)
                0x00014d6c                _SlDrvDataReadOp
 .text._SlDrvDataWriteOp
                0x00014fdc      0x1c8 ./../Libraries/WiFi/TI/../BCDS_Customization/debug/libWifiLib_efm32_debug.a(driver.o)
                0x00014fdc                _SlDrvDataWriteOp
 .text._SlDrvMsgWrite
                0x000151a4      0x248 ./../Libraries/WiFi/TI/../BCDS_Customization/debug/libWifiLib_efm32_debug.a(driver.o)
 .text._SlDrvMsgRead
                0x000153ec      0x7a4 ./../Libraries/WiFi/TI/../BCDS_Customization/debug/libWifiLib_efm32_debug.a(driver.o)
 .text._SlAsyncEventGenericHandler
                0x00015b90      0x120 ./../Libraries/WiFi/TI/../BCDS_Customization/debug/libWifiLib_efm32_debug.a(driver.o)
 .text._SlDrvMsgReadCmdCtx
                0x00015cb0      0x19c ./../Libraries/WiFi/TI/../BCDS_Customization/debug/libWifiLib_efm32_debug.a(driver.o)
 .text._SlDrvMsgReadSpawnCtx
                0x00015e4c      0x10c ./../Libraries/WiFi/TI/../BCDS_Customization/debug/libWifiLib_efm32_debug.a(driver.o)
                0x00015e4c                _SlDrvMsgReadSpawnCtx
 .text._SlDrvClassifyRxMsg
                0x00015f58       0xf0 ./../Libraries/WiFi/TI/../BCDS_Customization/debug/libWifiLib_efm32_debug.a(driver.o)
 .text._SlDrvRxHdrRead
                0x00016048      0x2d4 ./../Libraries/WiFi/TI/../BCDS_Customization/debug/libWifiLib_efm32_debug.a(driver.o)
 .text._SlDrvCmdSend
                0x0001631c       0x9c ./../Libraries/WiFi/TI/../BCDS_Customization/debug/libWifiLib_efm32_debug.a(driver.o)
                0x0001631c                _SlDrvCmdSend
 .text._SlDrvWaitForPoolObj
                0x000163b8      0x254 ./../Libraries/WiFi/TI/../BCDS_Customization/debug/libWifiLib_efm32_debug.a(driver.o)
                0x000163b8                _SlDrvWaitForPoolObj
 .text._SlDrvReleasePoolObj
                0x0001660c      0x2fc ./../Libraries/WiFi/TI/../BCDS_Customization/debug/libWifiLib_efm32_debug.a(driver.o)
                0x0001660c                _SlDrvReleasePoolObj
 .text._SlRemoveFromList
                0x00016908      0x114 ./../Libraries/WiFi/TI/../BCDS_Customization/debug/libWifiLib_efm32_debug.a(driver.o)
 .text._SlFindAndSetActiveObj
                0x00016a1c      0x1f4 ./../Libraries/WiFi/TI/../BCDS_Customization/debug/libWifiLib_efm32_debug.a(driver.o)
 .text._SlDrvDispatchHttpServerEvents
                0x00016c10       0x1c ./../Libraries/WiFi/TI/../BCDS_Customization/debug/libWifiLib_efm32_debug.a(driver.o)
                0x00016c10                _SlDrvDispatchHttpServerEvents
 .text._SlDrvSyncObjSignal
                0x00016c2c       0x30 ./../Libraries/WiFi/TI/../BCDS_Customization/debug/libWifiLib_efm32_debug.a(driver.o)
                0x00016c2c                _SlDrvSyncObjSignal
 .text._SlDrvObjLockWaitForever
                0x00016c5c       0x34 ./../Libraries/WiFi/TI/../BCDS_Customization/debug/libWifiLib_efm32_debug.a(driver.o)
                0x00016c5c                _SlDrvObjLockWaitForever
 .text._SlDrvProtectionObjLockWaitForever
                0x00016c90       0x40 ./../Libraries/WiFi/TI/../BCDS_Customization/debug/libWifiLib_efm32_debug.a(driver.o)
                0x00016c90                _SlDrvProtectionObjLockWaitForever
 .text._SlDrvObjUnLock
                0x00016cd0       0x30 ./../Libraries/WiFi/TI/../BCDS_Customization/debug/libWifiLib_efm32_debug.a(driver.o)
                0x00016cd0                _SlDrvObjUnLock
 .text._SlDrvProtectionObjUnLock
                0x00016d00       0x3c ./../Libraries/WiFi/TI/../BCDS_Customization/debug/libWifiLib_efm32_debug.a(driver.o)
                0x00016d00                _SlDrvProtectionObjUnLock
 .text._SlDrvObjGlobalLockWaitForever
                0x00016d3c       0x3c ./../Libraries/WiFi/TI/../BCDS_Customization/debug/libWifiLib_efm32_debug.a(driver.o)
 .text._SlDrvGlobalObjUnLock
                0x00016d78       0x3c ./../Libraries/WiFi/TI/../BCDS_Customization/debug/libWifiLib_efm32_debug.a(driver.o)
                0x00016d78                _SlDrvGlobalObjUnLock
 .text._SlDrvMemZero
                0x00016db4       0x24 ./../Libraries/WiFi/TI/../BCDS_Customization/debug/libWifiLib_efm32_debug.a(driver.o)
                0x00016db4                _SlDrvMemZero
 .text._SlDrvResetCmdExt
                0x00016dd8       0x1c ./../Libraries/WiFi/TI/../BCDS_Customization/debug/libWifiLib_efm32_debug.a(driver.o)
                0x00016dd8                _SlDrvResetCmdExt
 .text._SlDrvSyncObjWaitForever
                0x00016df4       0x38 ./../Libraries/WiFi/TI/../BCDS_Customization/debug/libWifiLib_efm32_debug.a(driver.o)
                0x00016df4                _SlDrvSyncObjWaitForever
 .text._SlDrvSyncObjWaitTimeout
                0x00016e2c       0x58 ./../Libraries/WiFi/TI/../BCDS_Customization/debug/libWifiLib_efm32_debug.a(driver.o)
                0x00016e2c                _SlDrvSyncObjWaitTimeout
 .text._SlDriverHandleError
                0x00016e84       0xb4 ./../Libraries/WiFi/TI/../BCDS_Customization/debug/libWifiLib_efm32_debug.a(driver.o)
                0x00016e84                _SlDriverHandleError
 .text._sl_GetStartResponseConvert
                0x00016f38       0x28 ./../Libraries/WiFi/TI/../BCDS_Customization/debug/libWifiLib_efm32_debug.a(device.o)
 .text.sl_Start
                0x00016f60      0x130 ./../Libraries/WiFi/TI/../BCDS_Customization/debug/libWifiLib_efm32_debug.a(device.o)
                0x00016f60                sl_Start
 .text._sl_HandleAsync_InitComplete
                0x00017090       0xe8 ./../Libraries/WiFi/TI/../BCDS_Customization/debug/libWifiLib_efm32_debug.a(device.o)
                0x00017090                _sl_HandleAsync_InitComplete
 .text._sl_HandleAsync_Stop
                0x00017178       0x90 ./../Libraries/WiFi/TI/../BCDS_Customization/debug/libWifiLib_efm32_debug.a(device.o)
                0x00017178                _sl_HandleAsync_Stop
 .text.sl_Stop  0x00017208      0x110 ./../Libraries/WiFi/TI/../BCDS_Customization/debug/libWifiLib_efm32_debug.a(device.o)
                0x00017208                sl_Stop
 .text._SlDrvDeviceEventHandler
                0x00017318       0xb8 ./../Libraries/WiFi/TI/../BCDS_Customization/debug/libWifiLib_efm32_debug.a(device.o)
                0x00017318                _SlDrvDeviceEventHandler
 .text.NetworkConfig_SlNetAppEvtHdlr
                0x000173d0       0xa0 ./../Platform/Wlan/debug/libWlan_efm32_debug.a(NetworkConfig.o)
                0x000173d0                NetworkConfig_SlNetAppEvtHdlr
 .text.NetworkConfig_GetIpStatus
                0x00017470       0x18 ./../Platform/Wlan/debug/libWlan_efm32_debug.a(NetworkConfig.o)
                0x00017470                NetworkConfig_GetIpStatus
 .text.NetworkConfig_SetIpStatus
                0x00017488       0x20 ./../Platform/Wlan/debug/libWlan_efm32_debug.a(NetworkConfig.o)
                0x00017488                NetworkConfig_SetIpStatus
 .text.NetworkConfig_GetIpSettings
                0x000174a8       0xc0 ./../Platform/Wlan/debug/libWlan_efm32_debug.a(NetworkConfig.o)
                0x000174a8                NetworkConfig_GetIpSettings
 .text.NetworkConfig_SetIpDhcp
                0x00017568       0xb4 ./../Platform/Wlan/debug/libWlan_efm32_debug.a(NetworkConfig.o)
                0x00017568                NetworkConfig_SetIpDhcp
 .text.connectNonBlockingCall
                0x0001761c      0x18c ./../Platform/Wlan/debug/libWlan_efm32_debug.a(WlanConnect.o)
 .text.connectBlockingCall
                0x000177a8       0xd0 ./../Platform/Wlan/debug/libWlan_efm32_debug.a(WlanConnect.o)
 .text.WlanConnect_SlGeneralEventHdlr
                0x00017878       0x9c ./../Platform/Wlan/debug/libWlan_efm32_debug.a(WlanConnect.o)
                0x00017878                WlanConnect_SlGeneralEventHdlr
 .text.WlanConnect_SLWlanEventHdlr
                0x00017914       0x6c ./../Platform/Wlan/debug/libWlan_efm32_debug.a(WlanConnect.o)
                0x00017914                WlanConnect_SLWlanEventHdlr
 .text.WlanConnect_GetInitStatus
                0x00017980       0x18 ./../Platform/Wlan/debug/libWlan_efm32_debug.a(WlanConnect.o)
                0x00017980                WlanConnect_GetInitStatus
 .text.WlanConnect_Init
                0x00017998       0xf4 ./../Platform/Wlan/debug/libWlan_efm32_debug.a(WlanConnect.o)
                0x00017998                WlanConnect_Init
 .text.NonBlockingTimer
                0x00017a8c       0xb0 ./../Platform/Wlan/debug/libWlan_efm32_debug.a(WlanConnect.o)
                0x00017a8c                NonBlockingTimer
 .text.WlanConnect_WPA
                0x00017b3c       0xe0 ./../Platform/Wlan/debug/libWlan_efm32_debug.a(WlanConnect.o)
                0x00017b3c                WlanConnect_WPA
 .text.BITBAND_Peripheral
                0x00017c1c       0x30 ./../Platform/Wlan/debug/libWlan_efm32_debug.a(WlanDriver.o)
 .text.GPIO_IntClear
                0x00017c4c       0x20 ./../Platform/Wlan/debug/libWlan_efm32_debug.a(WlanDriver.o)
 .text.GPIO_PinOutClear
                0x00017c6c       0x4c ./../Platform/Wlan/debug/libWlan_efm32_debug.a(WlanDriver.o)
 .text.GPIO_PinOutSet
                0x00017cb8       0x4c ./../Platform/Wlan/debug/libWlan_efm32_debug.a(WlanDriver.o)
 .text.OsTime2Tick
                0x00017d04       0x44 ./../Platform/Wlan/debug/libWlan_efm32_debug.a(WlanDriver.o)
 .text.DelayAPI
                0x00017d48       0x48 ./../Platform/Wlan/debug/libWlan_efm32_debug.a(WlanDriver.o)
 .text.CreateSpawnQAndTask
                0x00017d90       0x98 ./../Platform/Wlan/debug/libWlan_efm32_debug.a(WlanDriver.o)
 .text.WifiInterruptCallback
                0x00017e28       0x24 ./../Platform/Wlan/debug/libWlan_efm32_debug.a(WlanDriver.o)
 .text.WlanDriver_Init
                0x00017e4c       0xc8 ./../Platform/Wlan/debug/libWlan_efm32_debug.a(WlanDriver.o)
                0x00017e4c                WlanDriver_Init
 .text.WlanDriver_RegInterruptHdlr
                0x00017f14       0x34 ./../Platform/Wlan/debug/libWlan_efm32_debug.a(WlanDriver.o)
                0x00017f14                WlanDriver_RegInterruptHdlr
 .text.WlanDriver_DeviceDisable
                0x00017f48       0x14 ./../Platform/Wlan/debug/libWlan_efm32_debug.a(WlanDriver.o)
                0x00017f48                WlanDriver_DeviceDisable
 .text.WlanDriver_DeviceEnable
                0x00017f5c       0x14 ./../Platform/Wlan/debug/libWlan_efm32_debug.a(WlanDriver.o)
                0x00017f5c                WlanDriver_DeviceEnable
 .text.WlanDriver_InterruptEnable
                0x00017f70       0x1c ./../Platform/Wlan/debug/libWlan_efm32_debug.a(WlanDriver.o)
                0x00017f70                WlanDriver_InterruptEnable
 .text.WlanDriver_InterruptDisable
                0x00017f8c       0x1c ./../Platform/Wlan/debug/libWlan_efm32_debug.a(WlanDriver.o)
                0x00017f8c                WlanDriver_InterruptDisable
 .text.WlanDriver_SlHttpServerCb
                0x00017fa8       0x14 ./../Platform/Wlan/debug/libWlan_efm32_debug.a(WlanDriver.o)
                0x00017fa8                WlanDriver_SlHttpServerCb
 .text.WlanDriver_SpiClose
                0x00017fbc       0x3c ./../Platform/Wlan/debug/libWlan_efm32_debug.a(WlanDriver.o)
                0x00017fbc                WlanDriver_SpiClose
 .text.WlanDriver_SpiOpen
                0x00017ff8       0xe0 ./../Platform/Wlan/debug/libWlan_efm32_debug.a(WlanDriver.o)
                0x00017ff8                WlanDriver_SpiOpen
 .text.WlanDriver_SpiWrite
                0x000180d8       0x60 ./../Platform/Wlan/debug/libWlan_efm32_debug.a(WlanDriver.o)
                0x000180d8                WlanDriver_SpiWrite
 .text.WlanDriver_SpiRead
                0x00018138       0x58 ./../Platform/Wlan/debug/libWlan_efm32_debug.a(WlanDriver.o)
                0x00018138                WlanDriver_SpiRead
 .text.WlanDriver_OsSyncObjectCreate
                0x00018190       0x3c ./../Platform/Wlan/debug/libWlan_efm32_debug.a(WlanDriver.o)
                0x00018190                WlanDriver_OsSyncObjectCreate
 .text.WlanDriver_OsSyncObjectDelete
                0x000181cc       0x30 ./../Platform/Wlan/debug/libWlan_efm32_debug.a(WlanDriver.o)
                0x000181cc                WlanDriver_OsSyncObjectDelete
 .text.WlanDriver_OsSyncObjectSignal
                0x000181fc       0x3c ./../Platform/Wlan/debug/libWlan_efm32_debug.a(WlanDriver.o)
                0x000181fc                WlanDriver_OsSyncObjectSignal
 .text.WlanDriver_OsSyncSignalFromISR
                0x00018238       0x5c ./../Platform/Wlan/debug/libWlan_efm32_debug.a(WlanDriver.o)
                0x00018238                WlanDriver_OsSyncSignalFromISR
 .text.WlanDriver_OsSyncObjectWait
                0x00018294       0x4c ./../Platform/Wlan/debug/libWlan_efm32_debug.a(WlanDriver.o)
                0x00018294                WlanDriver_OsSyncObjectWait
 .text.WlanDriver_OsLockObjectCreate
                0x000182e0       0x34 ./../Platform/Wlan/debug/libWlan_efm32_debug.a(WlanDriver.o)
                0x000182e0                WlanDriver_OsLockObjectCreate
 .text.WlanDriver_OsLockObjectDelete
                0x00018314       0x2c ./../Platform/Wlan/debug/libWlan_efm32_debug.a(WlanDriver.o)
                0x00018314                WlanDriver_OsLockObjectDelete
 .text.WlanDriver_OsLockObjectWait
                0x00018340       0x40 ./../Platform/Wlan/debug/libWlan_efm32_debug.a(WlanDriver.o)
                0x00018340                WlanDriver_OsLockObjectWait
 .text.WlanDriver_OsLockUnlock
                0x00018380       0x44 ./../Platform/Wlan/debug/libWlan_efm32_debug.a(WlanDriver.o)
                0x00018380                WlanDriver_OsLockUnlock
 .text.WlanDriver_SimpleLinkSpawnTask
                0x000183c4       0x68 ./../Platform/Wlan/debug/libWlan_efm32_debug.a(WlanDriver.o)
                0x000183c4                WlanDriver_SimpleLinkSpawnTask
 .text.WlanDriver_OsiSpawn
                0x0001842c       0xa4 ./../Platform/Wlan/debug/libWlan_efm32_debug.a(WlanDriver.o)
                0x0001842c                WlanDriver_OsiSpawn
 .text.Ip_convertAddrToString
                0x000184d0       0x4c ./../Platform/ServalPAL_WiFi/release/libServalPalWifi_efm32.a(PAL_ip_cc.o)
                0x000184d0                Ip_convertAddrToString
 .text.Ip_getMyIpAddr
                0x0001851c       0x2c ./../Platform/ServalPAL_WiFi/release/libServalPalWifi_efm32.a(PAL_ip_cc.o)
                0x0001851c                Ip_getMyIpAddr
 .text.Basics_htonl
                0x00018548       0x1c ./../Platform/ServalPAL_WiFi/release/libServalPalWifi_efm32.a(PAL_ip_cc.o)
                0x00018548                Basics_htonl
 .text.bme280LibErrorMapping
                0x00018564       0x48 ./../Platform/Sensors/debug/libSensors_efm32_debug.a(Environmental.o)
 .text.Environmental_readData
                0x000185ac       0xe0 ./../Platform/Sensors/debug/libSensors_efm32_debug.a(Environmental.o)
                0x000185ac                Environmental_readData
 .text.Retcode_getPackage
                0x0001868c       0x1c ./../Platform/Sensors/debug/libSensors_efm32_debug.a(Gyroscope.o)
 .text.bmg160LibErrorMapping
                0x000186a8       0x48 ./../Platform/Sensors/debug/libSensors_efm32_debug.a(Gyroscope.o)
 .text.BMI160_libErrorMapping
                0x000186f0       0x48 ./../Platform/Sensors/debug/libSensors_efm32_debug.a(Gyroscope.o)
 .text.Gyroscope_readXyzDegreeValue
                0x00018738      0x4dc ./../Platform/Sensors/debug/libSensors_efm32_debug.a(Gyroscope.o)
                0x00018738                Gyroscope_readXyzDegreeValue
 .text.Retcode_getPackage
                0x00018c14       0x1c ./../Platform/Sensors/debug/libSensors_efm32_debug.a(Accelerometer.o)
 .text.bma2x2LibErrorMapping
                0x00018c30       0x48 ./../Platform/Sensors/debug/libSensors_efm32_debug.a(Accelerometer.o)
 .text.bmi160LibErrorMapping
                0x00018c78       0x48 ./../Platform/Sensors/debug/libSensors_efm32_debug.a(Accelerometer.o)
 .text.Accelerometer_init
                0x00018cc0       0xd0 ./../Platform/Sensors/debug/libSensors_efm32_debug.a(Accelerometer.o)
                0x00018cc0                Accelerometer_init
 .text.Accelerometer_readXyzGValue
                0x00018d90      0x3a8 ./../Platform/Sensors/debug/libSensors_efm32_debug.a(Accelerometer.o)
                0x00018d90                Accelerometer_readXyzGValue
 .text.Retcode_getPackage
                0x00019138       0x1c ./../Platform/Sensors/debug/libSensors_efm32_debug.a(LightSensor.o)
 .text.LightSensor_readLuxData
                0x00019154       0xb8 ./../Platform/Sensors/debug/libSensors_efm32_debug.a(LightSensor.o)
                0x00019154                LightSensor_readLuxData
 .text.Retcode_getPackage
                0x0001920c       0x1c ./../Platform/Sensors/debug/libSensors_efm32_debug.a(Magnetometer.o)
 .text.bmm150LibErrorMapping
                0x00019228       0x48 ./../Platform/Sensors/debug/libSensors_efm32_debug.a(Magnetometer.o)
 .text.readMagData
                0x00019270       0x80 ./../Platform/Sensors/debug/libSensors_efm32_debug.a(Magnetometer.o)
 .text.Magnetometer_readXyzTeslaData
                0x000192f0      0x124 ./../Platform/Sensors/debug/libSensors_efm32_debug.a(Magnetometer.o)
                0x000192f0                Magnetometer_readXyzTeslaData
 .text.Retcode_getPackage
                0x00019414       0x1c ./../Platform/SensorUtils/debug/libSensorUtils_efm32_debug.a(Bma280Utils.o)
 .text.GPIO_PinOutSet
                0x00019430       0x4c ./../Platform/SensorUtils/debug/libSensorUtils_efm32_debug.a(Bma280Utils.o)
 .text.libErrorMapping
                0x0001947c       0x48 ./../Platform/SensorUtils/debug/libSensorUtils_efm32_debug.a(Bma280Utils.o)
 .text.Bma280Utils_initialize
                0x000194c4      0x27c ./../Platform/SensorUtils/debug/libSensorUtils_efm32_debug.a(Bma280Utils.o)
                0x000194c4                Bma280Utils_initialize
 .text.Bma280Utils_remapAxis
                0x00019740       0xb0 ./../Platform/SensorUtils/debug/libSensorUtils_efm32_debug.a(Bma280Utils.o)
                0x00019740                Bma280Utils_remapAxis
 .text.AxisRemap_remapSensorData
                0x000197f0      0x184 ./../Platform/SensorUtils/debug/libSensorUtils_efm32_debug.a(AxisRemap.o)
                0x000197f0                AxisRemap_remapSensorData
 .text.Retcode_getPackage
                0x00019974       0x1c ./../Platform/SensorUtils/debug/libSensorUtils_efm32_debug.a(Bmi160Utils.o)
 .text.GPIO_PinOutSet
                0x00019990       0x4c ./../Platform/SensorUtils/debug/libSensorUtils_efm32_debug.a(Bmi160Utils.o)
 .text.libErrorMapping
                0x000199dc       0x48 ./../Platform/SensorUtils/debug/libSensorUtils_efm32_debug.a(Bmi160Utils.o)
 .text.Bmi160Utils_initialize
                0x00019a24      0x294 ./../Platform/SensorUtils/debug/libSensorUtils_efm32_debug.a(Bmi160Utils.o)
                0x00019a24                Bmi160Utils_initialize
 .text.Bmi160Utils_remapAxis
                0x00019cb8       0xb0 ./../Platform/SensorUtils/debug/libSensorUtils_efm32_debug.a(Bmi160Utils.o)
                0x00019cb8                Bmi160Utils_remapAxis
 .text.Retcode_getPackage
                0x00019d68       0x1c ./../Platform/SensorUtils/debug/libSensorUtils_efm32_debug.a(Bmg160Utils.o)
 .text.Bmg160Utils_remapAxis
                0x00019d84       0xb0 ./../Platform/SensorUtils/debug/libSensorUtils_efm32_debug.a(Bmg160Utils.o)
                0x00019d84                Bmg160Utils_remapAxis
 .text.Retcode_getPackage
                0x00019e34       0x1c ./../Platform/SensorUtils/debug/libSensorUtils_efm32_debug.a(Bmm150Utils.o)
 .text.Bmm150Utils_remapAxis
                0x00019e50       0xb0 ./../Platform/SensorUtils/debug/libSensorUtils_efm32_debug.a(Bmm150Utils.o)
                0x00019e50                Bmm150Utils_remapAxis
 .text.xQueueGenericReset
                0x00019f00       0xc8 ./../Libraries/FreeRTOS/FreeRTOS/../BCDS_Customization/debug/libFreeRTOS_efm32_debug.a(queue.o)
                0x00019f00                xQueueGenericReset
 .text.xQueueGenericCreate
                0x00019fc8       0x90 ./../Libraries/FreeRTOS/FreeRTOS/../BCDS_Customization/debug/libFreeRTOS_efm32_debug.a(queue.o)
                0x00019fc8                xQueueGenericCreate
 .text.xQueueCreateMutex
                0x0001a058       0xb0 ./../Libraries/FreeRTOS/FreeRTOS/../BCDS_Customization/debug/libFreeRTOS_efm32_debug.a(queue.o)
                0x0001a058                xQueueCreateMutex
 .text.xQueueGenericSend
                0x0001a108      0x19c ./../Libraries/FreeRTOS/FreeRTOS/../BCDS_Customization/debug/libFreeRTOS_efm32_debug.a(queue.o)
                0x0001a108                xQueueGenericSend
 .text.xQueueGenericSendFromISR
                0x0001a2a4       0xec ./../Libraries/FreeRTOS/FreeRTOS/../BCDS_Customization/debug/libFreeRTOS_efm32_debug.a(queue.o)
                0x0001a2a4                xQueueGenericSendFromISR
 .text.xQueueGenericReceive
                0x0001a390      0x1e0 ./../Libraries/FreeRTOS/FreeRTOS/../BCDS_Customization/debug/libFreeRTOS_efm32_debug.a(queue.o)
                0x0001a390                xQueueGenericReceive
 .text.xQueueReceiveFromISR
                0x0001a570       0xcc ./../Libraries/FreeRTOS/FreeRTOS/../BCDS_Customization/debug/libFreeRTOS_efm32_debug.a(queue.o)
                0x0001a570                xQueueReceiveFromISR
 .text.vQueueDelete
                0x0001a63c       0x48 ./../Libraries/FreeRTOS/FreeRTOS/../BCDS_Customization/debug/libFreeRTOS_efm32_debug.a(queue.o)
                0x0001a63c                vQueueDelete
 .text.prvCopyDataToQueue
                0x0001a684       0xdc ./../Libraries/FreeRTOS/FreeRTOS/../BCDS_Customization/debug/libFreeRTOS_efm32_debug.a(queue.o)
 .text.prvCopyDataFromQueue
                0x0001a760       0x50 ./../Libraries/FreeRTOS/FreeRTOS/../BCDS_Customization/debug/libFreeRTOS_efm32_debug.a(queue.o)
 .text.prvUnlockQueue
                0x0001a7b0       0xa0 ./../Libraries/FreeRTOS/FreeRTOS/../BCDS_Customization/debug/libFreeRTOS_efm32_debug.a(queue.o)
 .text.prvIsQueueEmpty
                0x0001a850       0x34 ./../Libraries/FreeRTOS/FreeRTOS/../BCDS_Customization/debug/libFreeRTOS_efm32_debug.a(queue.o)
 .text.prvIsQueueFull
                0x0001a884       0x38 ./../Libraries/FreeRTOS/FreeRTOS/../BCDS_Customization/debug/libFreeRTOS_efm32_debug.a(queue.o)
 .text.vQueueAddToRegistry
                0x0001a8bc       0x64 ./../Libraries/FreeRTOS/FreeRTOS/../BCDS_Customization/debug/libFreeRTOS_efm32_debug.a(queue.o)
                0x0001a8bc                vQueueAddToRegistry
 .text.vQueueUnregisterQueue
                0x0001a920       0x54 ./../Libraries/FreeRTOS/FreeRTOS/../BCDS_Customization/debug/libFreeRTOS_efm32_debug.a(queue.o)
                0x0001a920                vQueueUnregisterQueue
 .text.vQueueWaitForMessageRestricted
                0x0001a974       0x60 ./../Libraries/FreeRTOS/FreeRTOS/../BCDS_Customization/debug/libFreeRTOS_efm32_debug.a(queue.o)
                0x0001a974                vQueueWaitForMessageRestricted
 .text.xTaskGenericCreate
                0x0001a9d4      0x1d0 ./../Libraries/FreeRTOS/FreeRTOS/../BCDS_Customization/debug/libFreeRTOS_efm32_debug.a(tasks.o)
                0x0001a9d4                xTaskGenericCreate
 .text.vTaskDelay
                0x0001aba4       0x78 ./../Libraries/FreeRTOS/FreeRTOS/../BCDS_Customization/debug/libFreeRTOS_efm32_debug.a(tasks.o)
                0x0001aba4                vTaskDelay
 .text.vTaskStartScheduler
                0x0001ac1c       0x94 ./../Libraries/FreeRTOS/FreeRTOS/../BCDS_Customization/debug/libFreeRTOS_efm32_debug.a(tasks.o)
                0x0001ac1c                vTaskStartScheduler
 .text.vTaskSuspendAll
                0x0001acb0       0x24 ./../Libraries/FreeRTOS/FreeRTOS/../BCDS_Customization/debug/libFreeRTOS_efm32_debug.a(tasks.o)
                0x0001acb0                vTaskSuspendAll
 .text.xTaskResumeAll
                0x0001acd4      0x17c ./../Libraries/FreeRTOS/FreeRTOS/../BCDS_Customization/debug/libFreeRTOS_efm32_debug.a(tasks.o)
                0x0001acd4                xTaskResumeAll
 .text.xTaskGetTickCount
                0x0001ae50       0x28 ./../Libraries/FreeRTOS/FreeRTOS/../BCDS_Customization/debug/libFreeRTOS_efm32_debug.a(tasks.o)
                0x0001ae50                xTaskGetTickCount
 .text.xTaskIncrementTick
                0x0001ae78      0x208 ./../Libraries/FreeRTOS/FreeRTOS/../BCDS_Customization/debug/libFreeRTOS_efm32_debug.a(tasks.o)
                0x0001ae78                xTaskIncrementTick
 .text.vTaskSwitchContext
                0x0001b080      0x16c ./../Libraries/FreeRTOS/FreeRTOS/../BCDS_Customization/debug/libFreeRTOS_efm32_debug.a(tasks.o)
                0x0001b080                vTaskSwitchContext
 .text.vTaskPlaceOnEventList
                0x0001b1ec       0x90 ./../Libraries/FreeRTOS/FreeRTOS/../BCDS_Customization/debug/libFreeRTOS_efm32_debug.a(tasks.o)
                0x0001b1ec                vTaskPlaceOnEventList
 .text.vTaskPlaceOnEventListRestricted
                0x0001b27c       0x68 ./../Libraries/FreeRTOS/FreeRTOS/../BCDS_Customization/debug/libFreeRTOS_efm32_debug.a(tasks.o)
                0x0001b27c                vTaskPlaceOnEventListRestricted
 .text.xTaskRemoveFromEventList
                0x0001b2e4       0xe8 ./../Libraries/FreeRTOS/FreeRTOS/../BCDS_Customization/debug/libFreeRTOS_efm32_debug.a(tasks.o)
                0x0001b2e4                xTaskRemoveFromEventList
 .text.vTaskSetTimeOutState
                0x0001b3cc       0x44 ./../Libraries/FreeRTOS/FreeRTOS/../BCDS_Customization/debug/libFreeRTOS_efm32_debug.a(tasks.o)
                0x0001b3cc                vTaskSetTimeOutState
 .text.xTaskCheckForTimeOut
                0x0001b410       0xc4 ./../Libraries/FreeRTOS/FreeRTOS/../BCDS_Customization/debug/libFreeRTOS_efm32_debug.a(tasks.o)
                0x0001b410                xTaskCheckForTimeOut
 .text.vTaskMissedYield
                0x0001b4d4       0x18 ./../Libraries/FreeRTOS/FreeRTOS/../BCDS_Customization/debug/libFreeRTOS_efm32_debug.a(tasks.o)
                0x0001b4d4                vTaskMissedYield
 .text.prvIdleTask
                0x0001b4ec       0x10 ./../Libraries/FreeRTOS/FreeRTOS/../BCDS_Customization/debug/libFreeRTOS_efm32_debug.a(tasks.o)
 .text.prvInitialiseTCBVariables
                0x0001b4fc       0xa0 ./../Libraries/FreeRTOS/FreeRTOS/../BCDS_Customization/debug/libFreeRTOS_efm32_debug.a(tasks.o)
 .text.prvInitialiseTaskLists
                0x0001b59c       0xa4 ./../Libraries/FreeRTOS/FreeRTOS/../BCDS_Customization/debug/libFreeRTOS_efm32_debug.a(tasks.o)
 .text.prvCheckTasksWaitingTermination
                0x0001b640       0x9c ./../Libraries/FreeRTOS/FreeRTOS/../BCDS_Customization/debug/libFreeRTOS_efm32_debug.a(tasks.o)
 .text.prvAddCurrentTaskToDelayedList
                0x0001b6dc       0x8c ./../Libraries/FreeRTOS/FreeRTOS/../BCDS_Customization/debug/libFreeRTOS_efm32_debug.a(tasks.o)
 .text.prvAllocateTCBAndStack
                0x0001b768       0x70 ./../Libraries/FreeRTOS/FreeRTOS/../BCDS_Customization/debug/libFreeRTOS_efm32_debug.a(tasks.o)
 .text.prvDeleteTCB
                0x0001b7d8       0x20 ./../Libraries/FreeRTOS/FreeRTOS/../BCDS_Customization/debug/libFreeRTOS_efm32_debug.a(tasks.o)
 .text.prvResetNextTaskUnblockTime
                0x0001b7f8       0x5c ./../Libraries/FreeRTOS/FreeRTOS/../BCDS_Customization/debug/libFreeRTOS_efm32_debug.a(tasks.o)
 .text.xTaskGetCurrentTaskHandle
                0x0001b854       0x20 ./../Libraries/FreeRTOS/FreeRTOS/../BCDS_Customization/debug/libFreeRTOS_efm32_debug.a(tasks.o)
                0x0001b854                xTaskGetCurrentTaskHandle
 .text.xTaskGetSchedulerState
                0x0001b874       0x48 ./../Libraries/FreeRTOS/FreeRTOS/../BCDS_Customization/debug/libFreeRTOS_efm32_debug.a(tasks.o)
                0x0001b874                xTaskGetSchedulerState
 .text.vTaskPriorityInherit
                0x0001b8bc       0xf0 ./../Libraries/FreeRTOS/FreeRTOS/../BCDS_Customization/debug/libFreeRTOS_efm32_debug.a(tasks.o)
                0x0001b8bc                vTaskPriorityInherit
 .text.vTaskPriorityDisinherit
                0x0001b9ac       0x98 ./../Libraries/FreeRTOS/FreeRTOS/../BCDS_Customization/debug/libFreeRTOS_efm32_debug.a(tasks.o)
                0x0001b9ac                vTaskPriorityDisinherit
 .text.xTimerCreateTimerTask
                0x0001ba44       0x78 ./../Libraries/FreeRTOS/FreeRTOS/../BCDS_Customization/debug/libFreeRTOS_efm32_debug.a(timers.o)
                0x0001ba44                xTimerCreateTimerTask
 .text.xTimerCreate
                0x0001babc       0x7c ./../Libraries/FreeRTOS/FreeRTOS/../BCDS_Customization/debug/libFreeRTOS_efm32_debug.a(timers.o)
                0x0001babc                xTimerCreate
 .text.xTimerGenericCommand
                0x0001bb38       0xac ./../Libraries/FreeRTOS/FreeRTOS/../BCDS_Customization/debug/libFreeRTOS_efm32_debug.a(timers.o)
                0x0001bb38                xTimerGenericCommand
 .text.prvProcessExpiredTimer
                0x0001bbe4       0x88 ./../Libraries/FreeRTOS/FreeRTOS/../BCDS_Customization/debug/libFreeRTOS_efm32_debug.a(timers.o)
 .text.prvTimerTask
                0x0001bc6c       0x24 ./../Libraries/FreeRTOS/FreeRTOS/../BCDS_Customization/debug/libFreeRTOS_efm32_debug.a(timers.o)
 .text.prvProcessTimerOrBlockTask
                0x0001bc90       0x74 ./../Libraries/FreeRTOS/FreeRTOS/../BCDS_Customization/debug/libFreeRTOS_efm32_debug.a(timers.o)
 .text.prvGetNextExpireTime
                0x0001bd04       0x54 ./../Libraries/FreeRTOS/FreeRTOS/../BCDS_Customization/debug/libFreeRTOS_efm32_debug.a(timers.o)
 .text.prvSampleTimeNow
                0x0001bd58       0x4c ./../Libraries/FreeRTOS/FreeRTOS/../BCDS_Customization/debug/libFreeRTOS_efm32_debug.a(timers.o)
 .text.prvInsertTimerInActiveList
                0x0001bda4       0x94 ./../Libraries/FreeRTOS/FreeRTOS/../BCDS_Customization/debug/libFreeRTOS_efm32_debug.a(timers.o)
 .text.prvProcessReceivedCommands
                0x0001be38      0x174 ./../Libraries/FreeRTOS/FreeRTOS/../BCDS_Customization/debug/libFreeRTOS_efm32_debug.a(timers.o)
 .text.prvSwitchTimerLists
                0x0001bfac       0xf0 ./../Libraries/FreeRTOS/FreeRTOS/../BCDS_Customization/debug/libFreeRTOS_efm32_debug.a(timers.o)
 .text.prvCheckForValidListAndQueue
                0x0001c09c       0xb8 ./../Libraries/FreeRTOS/FreeRTOS/../BCDS_Customization/debug/libFreeRTOS_efm32_debug.a(timers.o)
 .text.xTimerPendFunctionCallFromISR
                0x0001c154       0x4c ./../Libraries/FreeRTOS/FreeRTOS/../BCDS_Customization/debug/libFreeRTOS_efm32_debug.a(timers.o)
                0x0001c154                xTimerPendFunctionCallFromISR
 .text.pvPortMalloc
                0x0001c1a0      0x188 ./../Libraries/FreeRTOS/FreeRTOS/../BCDS_Customization/debug/libFreeRTOS_efm32_debug.a(heap_4.o)
                0x0001c1a0                pvPortMalloc
 .text.vPortFree
                0x0001c328       0xcc ./../Libraries/FreeRTOS/FreeRTOS/../BCDS_Customization/debug/libFreeRTOS_efm32_debug.a(heap_4.o)
                0x0001c328                vPortFree
 .text.prvHeapInit
                0x0001c3f4      0x100 ./../Libraries/FreeRTOS/FreeRTOS/../BCDS_Customization/debug/libFreeRTOS_efm32_debug.a(heap_4.o)
 .text.prvInsertBlockIntoFreeList
                0x0001c4f4       0xbc ./../Libraries/FreeRTOS/FreeRTOS/../BCDS_Customization/debug/libFreeRTOS_efm32_debug.a(heap_4.o)
 .text.pxPortInitialiseStack
                0x0001c5b0       0x64 ./../Libraries/FreeRTOS/FreeRTOS/../BCDS_Customization/debug/libFreeRTOS_efm32_debug.a(port.o)
                0x0001c5b0                pxPortInitialiseStack
 .text.prvTaskExitError
                0x0001c614       0x2c ./../Libraries/FreeRTOS/FreeRTOS/../BCDS_Customization/debug/libFreeRTOS_efm32_debug.a(port.o)
 .text.SVC_Handler
                0x0001c640       0x24 ./../Libraries/FreeRTOS/FreeRTOS/../BCDS_Customization/debug/libFreeRTOS_efm32_debug.a(port.o)
                0x0001c640                SVC_Handler
 .text.prvPortStartFirstTask
                0x0001c664       0x1c ./../Libraries/FreeRTOS/FreeRTOS/../BCDS_Customization/debug/libFreeRTOS_efm32_debug.a(port.o)
 .text.xPortStartScheduler
                0x0001c680      0x10c ./../Libraries/FreeRTOS/FreeRTOS/../BCDS_Customization/debug/libFreeRTOS_efm32_debug.a(port.o)
                0x0001c680                xPortStartScheduler
 .text.vPortYield
                0x0001c78c       0x20 ./../Libraries/FreeRTOS/FreeRTOS/../BCDS_Customization/debug/libFreeRTOS_efm32_debug.a(port.o)
                0x0001c78c                vPortYield
 .text.vPortEnterCritical
                0x0001c7ac       0x2c ./../Libraries/FreeRTOS/FreeRTOS/../BCDS_Customization/debug/libFreeRTOS_efm32_debug.a(port.o)
                0x0001c7ac                vPortEnterCritical
 .text.vPortExitCritical
                0x0001c7d8       0x54 ./../Libraries/FreeRTOS/FreeRTOS/../BCDS_Customization/debug/libFreeRTOS_efm32_debug.a(port.o)
                0x0001c7d8                vPortExitCritical
 .text.ulPortSetInterruptMask
                0x0001c82c       0x14 ./../Libraries/FreeRTOS/FreeRTOS/../BCDS_Customization/debug/libFreeRTOS_efm32_debug.a(port.o)
                0x0001c82c                ulPortSetInterruptMask
 .text.vPortClearInterruptMask
                0x0001c840        0x8 ./../Libraries/FreeRTOS/FreeRTOS/../BCDS_Customization/debug/libFreeRTOS_efm32_debug.a(port.o)
                0x0001c840                vPortClearInterruptMask
 .text.PendSV_Handler
                0x0001c848       0x44 ./../Libraries/FreeRTOS/FreeRTOS/../BCDS_Customization/debug/libFreeRTOS_efm32_debug.a(port.o)
                0x0001c848                PendSV_Handler
 .text.vPortValidateInterruptPriority
                0x0001c88c       0x78 ./../Libraries/FreeRTOS/FreeRTOS/../BCDS_Customization/debug/libFreeRTOS_efm32_debug.a(port.o)
                0x0001c88c                vPortValidateInterruptPriority
 .text.vListInitialise
                0x0001c904       0x40 ./../Libraries/FreeRTOS/FreeRTOS/../BCDS_Customization/debug/libFreeRTOS_efm32_debug.a(list.o)
                0x0001c904                vListInitialise
 .text.vListInitialiseItem
                0x0001c944       0x1c ./../Libraries/FreeRTOS/FreeRTOS/../BCDS_Customization/debug/libFreeRTOS_efm32_debug.a(list.o)
                0x0001c944                vListInitialiseItem
 .text.vListInsertEnd
                0x0001c960       0x48 ./../Libraries/FreeRTOS/FreeRTOS/../BCDS_Customization/debug/libFreeRTOS_efm32_debug.a(list.o)
                0x0001c960                vListInsertEnd
 .text.vListInsert
                0x0001c9a8       0x74 ./../Libraries/FreeRTOS/FreeRTOS/../BCDS_Customization/debug/libFreeRTOS_efm32_debug.a(list.o)
                0x0001c9a8                vListInsert
 .text.uxListRemove
                0x0001ca1c       0x58 ./../Libraries/FreeRTOS/FreeRTOS/../BCDS_Customization/debug/libFreeRTOS_efm32_debug.a(list.o)
                0x0001ca1c                uxListRemove
 .text._BUTTON_deferredInterruptHandler
                0x0001ca74       0x2c ./../Platform/Peripherals/debug/libPeripherals_efm32_debug.a(button_efm32.o)
 .text._BUTTON_InterruptHandler
                0x0001caa0       0xc8 ./../Platform/Peripherals/debug/libPeripherals_efm32_debug.a(button_efm32.o)
                0x0001caa0                _BUTTON_InterruptHandler
 .text._BUTTON_firstInitialization
                0x0001cb68       0xa4 ./../Platform/Peripherals/debug/libPeripherals_efm32_debug.a(button_efm32.o)
                0x0001cb68                _BUTTON_firstInitialization
 .text._BUTTON_checkParameters
                0x0001cc0c       0x4c ./../Platform/Peripherals/debug/libPeripherals_efm32_debug.a(button_efm32.o)
                0x0001cc0c                _BUTTON_checkParameters
 .text.BUTTON_create
                0x0001cc58      0x1f8 ./../Platform/Peripherals/debug/libPeripherals_efm32_debug.a(button_efm32.o)
                0x0001cc58                BUTTON_create
 .text.BUTTON_enable
                0x0001ce50       0x68 ./../Platform/Peripherals/debug/libPeripherals_efm32_debug.a(button_efm32.o)
                0x0001ce50                BUTTON_enable
 .text.BUTTON_isPressed
                0x0001ceb8       0x44 ./../Platform/Peripherals/debug/libPeripherals_efm32_debug.a(button_efm32.o)
                0x0001ceb8                BUTTON_isPressed
 .text.BUTTON_setCallback
                0x0001cefc       0x64 ./../Platform/Peripherals/debug/libPeripherals_efm32_debug.a(button_efm32.o)
                0x0001cefc                BUTTON_setCallback
 .text.GPIO_PinInGet
                0x0001cf60       0x4c ./../Platform/Peripherals/debug/libPeripherals_efm32_debug.a(gpio_efm32gg.o)
 .text.GPIO_PinOutClear
                0x0001cfac       0x4c ./../Platform/Peripherals/debug/libPeripherals_efm32_debug.a(gpio_efm32gg.o)
 .text.GPIO_PinOutSet
                0x0001cff8       0x4c ./../Platform/Peripherals/debug/libPeripherals_efm32_debug.a(gpio_efm32gg.o)
 .text._GPIO_checkParameters
                0x0001d044       0x64 ./../Platform/Peripherals/debug/libPeripherals_efm32_debug.a(gpio_efm32gg.o)
                0x0001d044                _GPIO_checkParameters
 .text.GPIO_init
                0x0001d0a8       0xd4 ./../Platform/Peripherals/debug/libPeripherals_efm32_debug.a(gpio_efm32gg.o)
                0x0001d0a8                GPIO_init
 .text.GPIO_getPin
                0x0001d17c       0x4c ./../Platform/Peripherals/debug/libPeripherals_efm32_debug.a(gpio_efm32gg.o)
                0x0001d17c                GPIO_getPin
 .text.GPIO_setPin
                0x0001d1c8       0x78 ./../Platform/Peripherals/debug/libPeripherals_efm32_debug.a(gpio_efm32gg.o)
                0x0001d1c8                GPIO_setPin
 .text.I2C_init
                0x0001d240      0x100 ./../Platform/Peripherals/debug/libPeripherals_efm32_debug.a(I2C_cc.o)
                0x0001d240                I2C_init
 .text.I2C_delayFunction
                0x0001d340       0x54 ./../Platform/Peripherals/debug/libPeripherals_efm32_debug.a(I2C_cc.o)
                0x0001d340                I2C_delayFunction
 .text.I2C_i2cDecodeCallbackFunction
                0x0001d394      0x1b8 ./../Platform/Peripherals/debug/libPeripherals_efm32_debug.a(I2C_cc.o)
                0x0001d394                I2C_i2cDecodeCallbackFunction
 .text.I2C_busWriteChannel0
                0x0001d54c       0xcc ./../Platform/Peripherals/debug/libPeripherals_efm32_debug.a(I2C_cc.o)
                0x0001d54c                I2C_busWriteChannel0
 .text.I2C_busWriteChannel1
                0x0001d618       0xcc ./../Platform/Peripherals/debug/libPeripherals_efm32_debug.a(I2C_cc.o)
                0x0001d618                I2C_busWriteChannel1
 .text.I2C_busReadChannel0
                0x0001d6e4      0x100 ./../Platform/Peripherals/debug/libPeripherals_efm32_debug.a(I2C_cc.o)
                0x0001d6e4                I2C_busReadChannel0
 .text.I2C_busReadChannel1
                0x0001d7e4      0x100 ./../Platform/Peripherals/debug/libPeripherals_efm32_debug.a(I2C_cc.o)
                0x0001d7e4                I2C_busReadChannel1
 .text.SID_init
                0x0001d8e4       0xc4 ./../Platform/Peripherals/debug/libPeripherals_efm32_debug.a(SID_serialDriverInf_cc.o)
                0x0001d8e4                SID_init
 .text.SID_send
                0x0001d9a8       0x9c ./../Platform/Peripherals/debug/libPeripherals_efm32_debug.a(SID_serialDriverInf_cc.o)
                0x0001d9a8                SID_send
 .text.NVIC_EnableIRQ
                0x0001da44       0x38 ./../Platform/Peripherals/debug/libPeripherals_efm32_debug.a(I2C_efm32Driver_cc.o)
 .text.NVIC_ClearPendingIRQ
                0x0001da7c       0x3c ./../Platform/Peripherals/debug/libPeripherals_efm32_debug.a(I2C_efm32Driver_cc.o)
 .text.I2C_initCtrSpecific
                0x0001dab8      0x114 ./../Platform/Peripherals/debug/libPeripherals_efm32_debug.a(I2C_efm32Driver_cc.o)
                0x0001dab8                I2C_initCtrSpecific
 .text.I2C_startTransfer
                0x0001dbcc       0xac ./../Platform/Peripherals/debug/libPeripherals_efm32_debug.a(I2C_efm32Driver_cc.o)
                0x0001dbcc                I2C_startTransfer
 .text.I2C0_IRQHandler
                0x0001dc78      0x3b4 ./../Platform/Peripherals/debug/libPeripherals_efm32_debug.a(I2C_efm32Driver_cc.o)
                0x0001dc78                I2C0_IRQHandler
 .text.I2C1_IRQHandler
                0x0001e02c      0x3b4 ./../Platform/Peripherals/debug/libPeripherals_efm32_debug.a(I2C_efm32Driver_cc.o)
                0x0001e02c                I2C1_IRQHandler
 .text.I2C_triggerTransfer
                0x0001e3e0       0xc4 ./../Platform/Peripherals/debug/libPeripherals_efm32_debug.a(I2C_efm32Driver_cc.o)
                0x0001e3e0                I2C_triggerTransfer
 .text.I2C_triggerNextI2CTransfer
                0x0001e4a4      0x138 ./../Platform/Peripherals/debug/libPeripherals_efm32_debug.a(I2C_efm32Driver_cc.o)
                0x0001e4a4                I2C_triggerNextI2CTransfer
 .text.I2C_isTransferCompleted
                0x0001e5dc       0x34 ./../Platform/Peripherals/debug/libPeripherals_efm32_debug.a(I2C_efm32Driver_cc.o)
                0x0001e5dc                I2C_isTransferCompleted
 .text.I2C_getStatus
                0x0001e610       0x18 ./../Platform/Peripherals/debug/libPeripherals_efm32_debug.a(I2C_efm32Driver_cc.o)
                0x0001e610                I2C_getStatus
 .text.NVIC_EnableIRQ
                0x0001e628       0x38 ./../Platform/Peripherals/debug/libPeripherals_efm32_debug.a(PTD_portDriver_cc.o)
 .text.NVIC_ClearPendingIRQ
                0x0001e660       0x3c ./../Platform/Peripherals/debug/libPeripherals_efm32_debug.a(PTD_portDriver_cc.o)
 .text.GPIO_IntClear
                0x0001e69c       0x20 ./../Platform/Peripherals/debug/libPeripherals_efm32_debug.a(PTD_portDriver_cc.o)
 .text.PTD_checkEvenPinConfigured
                0x0001e6bc       0xd8 ./../Platform/Peripherals/debug/libPeripherals_efm32_debug.a(PTD_portDriver_cc.o)
 .text.PTD_checkOddPinConfigured
                0x0001e794       0xd8 ./../Platform/Peripherals/debug/libPeripherals_efm32_debug.a(PTD_portDriver_cc.o)
 .text.PTD_portInit
                0x0001e86c       0x18 ./../Platform/Peripherals/debug/libPeripherals_efm32_debug.a(PTD_portDriver_cc.o)
                0x0001e86c                PTD_portInit
 .text.PTD_portInteruptConfig
                0x0001e884       0x28 ./../Platform/Peripherals/debug/libPeripherals_efm32_debug.a(PTD_portDriver_cc.o)
                0x0001e884                PTD_portInteruptConfig
 .text.PTD_setInterruptPinCount
                0x0001e8ac       0xf0 ./../Platform/Peripherals/debug/libPeripherals_efm32_debug.a(PTD_portDriver_cc.o)
                0x0001e8ac                PTD_setInterruptPinCount
 .text.PTD_intConfig
                0x0001e99c      0x220 ./../Platform/Peripherals/debug/libPeripherals_efm32_debug.a(PTD_portDriver_cc.o)
                0x0001e99c                PTD_intConfig
 .text.GPIO_ODD_IRQHandler
                0x0001ebbc       0x98 ./../Platform/Peripherals/debug/libPeripherals_efm32_debug.a(PTD_portDriver_cc.o)
                0x0001ebbc                GPIO_ODD_IRQHandler
 .text.GPIO_EVEN_IRQHandler
                0x0001ec54       0x98 ./../Platform/Peripherals/debug/libPeripherals_efm32_debug.a(PTD_portDriver_cc.o)
                0x0001ec54                GPIO_EVEN_IRQHandler
 .text.NVIC_DisableIRQ
                0x0001ecec       0x3c ./../Platform/Peripherals/debug/libPeripherals_efm32_debug.a(SPI_cc.o)
 .text.getSpiSettings
                0x0001ed28       0x58 ./../Platform/Peripherals/debug/libPeripherals_efm32_debug.a(SPI_cc.o)
 .text.DataTransferCallback
                0x0001ed80       0x30 ./../Platform/Peripherals/debug/libPeripherals_efm32_debug.a(SPI_cc.o)
 .text.SetupDma
                0x0001edb0      0x20c ./../Platform/Peripherals/debug/libPeripherals_efm32_debug.a(SPI_cc.o)
 .text.IsDmaActive
                0x0001efbc       0x80 ./../Platform/Peripherals/debug/libPeripherals_efm32_debug.a(SPI_cc.o)
 .text.SpiDmaTransfer
                0x0001f03c      0x174 ./../Platform/Peripherals/debug/libPeripherals_efm32_debug.a(SPI_cc.o)
 .text.SPI_init
                0x0001f1b0      0x27c ./../Platform/Peripherals/debug/libPeripherals_efm32_debug.a(SPI_cc.o)
                0x0001f1b0                SPI_init
 .text.SPI_write
                0x0001f42c      0x164 ./../Platform/Peripherals/debug/libPeripherals_efm32_debug.a(SPI_cc.o)
                0x0001f42c                SPI_write
 .text.SPI_read
                0x0001f590      0x184 ./../Platform/Peripherals/debug/libPeripherals_efm32_debug.a(SPI_cc.o)
                0x0001f590                SPI_read
 .text.SPI_deinit
                0x0001f714       0x28 ./../Platform/Peripherals/debug/libPeripherals_efm32_debug.a(SPI_cc.o)
                0x0001f714                SPI_deinit
 .text.NVIC_EnableIRQ
                0x0001f73c       0x38 ./../Platform/Peripherals/debug/libPeripherals_efm32_debug.a(SER_serialDriver_cc.o)
 .text.NVIC_ClearPendingIRQ
                0x0001f774       0x3c ./../Platform/Peripherals/debug/libPeripherals_efm32_debug.a(SER_serialDriver_cc.o)
 .text.INT_Disable
                0x0001f7b0       0x40 ./../Platform/Peripherals/debug/libPeripherals_efm32_debug.a(SER_serialDriver_cc.o)
 .text.INT_Enable
                0x0001f7f0       0x54 ./../Platform/Peripherals/debug/libPeripherals_efm32_debug.a(SER_serialDriver_cc.o)
 .text.SER_callbackMapping
                0x0001f844       0x50 ./../Platform/Peripherals/debug/libPeripherals_efm32_debug.a(SER_serialDriver_cc.o)
 .text.SER_initLeuart
                0x0001f894      0x19c ./../Platform/Peripherals/debug/libPeripherals_efm32_debug.a(SER_serialDriver_cc.o)
 .text.SER_initUsart
                0x0001fa30      0x25c ./../Platform/Peripherals/debug/libPeripherals_efm32_debug.a(SER_serialDriver_cc.o)
 .text.SER_initUart
                0x0001fc8c      0x224 ./../Platform/Peripherals/debug/libPeripherals_efm32_debug.a(SER_serialDriver_cc.o)
 .text.SER_serialInit
                0x0001feb0      0x100 ./../Platform/Peripherals/debug/libPeripherals_efm32_debug.a(SER_serialDriver_cc.o)
                0x0001feb0                SER_serialInit
 .text.SER_serialWrite
                0x0001ffb0      0x124 ./../Platform/Peripherals/debug/libPeripherals_efm32_debug.a(SER_serialDriver_cc.o)
                0x0001ffb0                SER_serialWrite
 .text.SER_serialRead
                0x000200d4       0x88 ./../Platform/Peripherals/debug/libPeripherals_efm32_debug.a(SER_serialDriver_cc.o)
                0x000200d4                SER_serialRead
 .text.SER_serialResetBuffer
                0x0002015c       0x38 ./../Platform/Peripherals/debug/libPeripherals_efm32_debug.a(SER_serialDriver_cc.o)
                0x0002015c                SER_serialResetBuffer
 .text.LEUART0_IRQHandler
                0x00020194      0x150 ./../Platform/Peripherals/debug/libPeripherals_efm32_debug.a(SER_serialDriver_cc.o)
                0x00020194                LEUART0_IRQHandler
 .text.LEUART1_IRQHandler
                0x000202e4      0x148 ./../Platform/Peripherals/debug/libPeripherals_efm32_debug.a(SER_serialDriver_cc.o)
                0x000202e4                LEUART1_IRQHandler
 .text.USART0_TX_IRQHandler
                0x0002042c       0xac ./../Platform/Peripherals/debug/libPeripherals_efm32_debug.a(SER_serialDriver_cc.o)
                0x0002042c                USART0_TX_IRQHandler
 .text.USART0_RX_IRQHandler
                0x000204d8       0xa0 ./../Platform/Peripherals/debug/libPeripherals_efm32_debug.a(SER_serialDriver_cc.o)
                0x000204d8                USART0_RX_IRQHandler
 .text.USART1_TX_IRQHandler
                0x00020578       0xa8 ./../Platform/Peripherals/debug/libPeripherals_efm32_debug.a(SER_serialDriver_cc.o)
                0x00020578                USART1_TX_IRQHandler
 .text.USART1_RX_IRQHandler
                0x00020620       0xa4 ./../Platform/Peripherals/debug/libPeripherals_efm32_debug.a(SER_serialDriver_cc.o)
                0x00020620                USART1_RX_IRQHandler
 .text.USART2_TX_IRQHandler
                0x000206c4       0xa8 ./../Platform/Peripherals/debug/libPeripherals_efm32_debug.a(SER_serialDriver_cc.o)
                0x000206c4                USART2_TX_IRQHandler
 .text.USART2_RX_IRQHandler
                0x0002076c       0xa0 ./../Platform/Peripherals/debug/libPeripherals_efm32_debug.a(SER_serialDriver_cc.o)
                0x0002076c                USART2_RX_IRQHandler
 .text.UART0_TX_IRQHandler
                0x0002080c       0x94 ./../Platform/Peripherals/debug/libPeripherals_efm32_debug.a(SER_serialDriver_cc.o)
                0x0002080c                UART0_TX_IRQHandler
 .text.UART0_RX_IRQHandler
                0x000208a0       0xa0 ./../Platform/Peripherals/debug/libPeripherals_efm32_debug.a(SER_serialDriver_cc.o)
                0x000208a0                UART0_RX_IRQHandler
 .text.UART1_TX_IRQHandler
                0x00020940       0x8c ./../Platform/Peripherals/debug/libPeripherals_efm32_debug.a(SER_serialDriver_cc.o)
                0x00020940                UART1_TX_IRQHandler
 .text.UART1_RX_IRQHandler
                0x000209cc       0xa0 ./../Platform/Peripherals/debug/libPeripherals_efm32_debug.a(SER_serialDriver_cc.o)
                0x000209cc                UART1_RX_IRQHandler
 *fill*         0x00020a6c        0x4 00
 .text.WDG_secondsconvr
                0x00020a70      0x1e8 ./../Platform/Peripherals/debug/libPeripherals_efm32_debug.a(WDG_watchdog_cc.o)
 .text.WDG_init
                0x00020c58       0xfc ./../Platform/Peripherals/debug/libPeripherals_efm32_debug.a(WDG_watchdog_cc.o)
                0x00020c58                WDG_init
 .text.WDG_enableWdgTimer
                0x00020d54       0x1c ./../Platform/Peripherals/debug/libPeripherals_efm32_debug.a(WDG_watchdog_cc.o)
                0x00020d54                WDG_enableWdgTimer
 .text.WDG_feedingWatchdog
                0x00020d70       0x30 ./../Platform/Peripherals/debug/libPeripherals_efm32_debug.a(WDG_watchdog_cc.o)
                0x00020d70                WDG_feedingWatchdog
 .text.USB_setSerialNumber
                0x00020da0       0x7c ./../Platform/Peripherals/debug/libPeripherals_efm32_debug.a(USB_cc.o)
 .text.USB_dataReceivedCallback
                0x00020e1c       0x98 ./../Platform/Peripherals/debug/libPeripherals_efm32_debug.a(USB_cc.o)
 .text.USB_dataTransferred
                0x00020eb4       0x4c ./../Platform/Peripherals/debug/libPeripherals_efm32_debug.a(USB_cc.o)
 .text.USB_stateChange
                0x00020f00       0x58 ./../Platform/Peripherals/debug/libPeripherals_efm32_debug.a(USB_cc.o)
                0x00020f00                USB_stateChange
 .text.USB_setupCommand
                0x00020f58      0x108 ./../Platform/Peripherals/debug/libPeripherals_efm32_debug.a(USB_cc.o)
                0x00020f58                USB_setupCommand
 .text.USB_init
                0x00021060       0xd0 ./../Platform/Peripherals/debug/libPeripherals_efm32_debug.a(USB_cc.o)
                0x00021060                USB_init
 .text.USB_receiveByte
                0x00021130       0xa0 ./../Platform/Peripherals/debug/libPeripherals_efm32_debug.a(USB_cc.o)
                0x00021130                USB_receiveByte
 .text.RETARGET_WriteChar
                0x000211d0       0x2c ./../Platform/Peripherals/debug/libPeripherals_efm32_debug.a(USB_cc.o)
                0x000211d0                RETARGET_WriteChar
 .text.USB_transmitData
                0x000211fc       0xc4 ./../Platform/Peripherals/debug/libPeripherals_efm32_debug.a(USB_cc.o)
                0x000211fc                USB_transmitData
 .text.RETARGET_ReadChar
                0x000212c0       0x24 ./../Platform/Peripherals/debug/libPeripherals_efm32_debug.a(USB_cc.o)
                0x000212c0                RETARGET_ReadChar
 .text.USB_callBackMapping
                0x000212e4       0x38 ./../Platform/Peripherals/debug/libPeripherals_efm32_debug.a(USB_cc.o)
                0x000212e4                USB_callBackMapping
 .text.CMU_IntClear
                0x0002131c       0x20 ./../Platform/Peripherals/debug/libPeripherals_efm32_debug.a(LFO_LowFrequncyOscSel_cc.o)
 .text.CMU_IntGet
                0x0002133c       0x18 ./../Platform/Peripherals/debug/libPeripherals_efm32_debug.a(LFO_LowFrequncyOscSel_cc.o)
 .text.TIMER_IntClear
                0x00021354       0x1c ./../Platform/Peripherals/debug/libPeripherals_efm32_debug.a(LFO_LowFrequncyOscSel_cc.o)
 .text.CMU_IRQHandler
                0x00021370       0x34 ./../Platform/Peripherals/debug/libPeripherals_efm32_debug.a(LFO_LowFrequncyOscSel_cc.o)
                0x00021370                CMU_IRQHandler
 .text.TIMER1_IRQHandler
                0x000213a4       0x4c ./../Platform/Peripherals/debug/libPeripherals_efm32_debug.a(LFO_LowFrequncyOscSel_cc.o)
                0x000213a4                TIMER1_IRQHandler
 .text.LFO_getLowFreqOsc
                0x000213f0       0x18 ./../Platform/Peripherals/debug/libPeripherals_efm32_debug.a(LFO_LowFrequncyOscSel_cc.o)
                0x000213f0                LFO_getLowFreqOsc
 .text.BITBAND_Peripheral
                0x00021408       0x30 ./../Libraries/EMlib/EMLib/../BCDS_Customization/debug/libEMLib_efm32_debug.a(em_cmu.o)
 .text.CMU_MaxFreqHfle
                0x00021438       0xb8 ./../Libraries/EMlib/EMLib/../BCDS_Customization/debug/libEMLib_efm32_debug.a(em_cmu.o)
 .text.CMU_FlashWaitStateMax
                0x000214f0       0x68 ./../Libraries/EMlib/EMLib/../BCDS_Customization/debug/libEMLib_efm32_debug.a(em_cmu.o)
 .text.CMU_DivToLog2
                0x00021558       0x38 ./../Libraries/EMlib/EMLib/../BCDS_Customization/debug/libEMLib_efm32_debug.a(em_cmu.o)
 .text.CMU_FlashWaitStateControl
                0x00021590       0xf4 ./../Libraries/EMlib/EMLib/../BCDS_Customization/debug/libEMLib_efm32_debug.a(em_cmu.o)
 .text.CMU_USBCClkGet
                0x00021684       0x50 ./../Libraries/EMlib/EMLib/../BCDS_Customization/debug/libEMLib_efm32_debug.a(em_cmu.o)
 .text.CMU_AUXClkGet
                0x000216d4       0x9c ./../Libraries/EMlib/EMLib/../BCDS_Customization/debug/libEMLib_efm32_debug.a(em_cmu.o)
 .text.CMU_DBGClkGet
                0x00021770       0x64 ./../Libraries/EMlib/EMLib/../BCDS_Customization/debug/libEMLib_efm32_debug.a(em_cmu.o)
 .text.CMU_LFClkGet
                0x000217d4       0xd4 ./../Libraries/EMlib/EMLib/../BCDS_Customization/debug/libEMLib_efm32_debug.a(em_cmu.o)
 .text.CMU_Sync
                0x000218a8       0x3c ./../Libraries/EMlib/EMLib/../BCDS_Customization/debug/libEMLib_efm32_debug.a(em_cmu.o)
 .text.CMU_ClockDivSet
                0x000218e4      0x298 ./../Libraries/EMlib/EMLib/../BCDS_Customization/debug/libEMLib_efm32_debug.a(em_cmu.o)
                0x000218e4                CMU_ClockDivSet
 .text.CMU_ClockEnable
                0x00021b7c      0x10c ./../Libraries/EMlib/EMLib/../BCDS_Customization/debug/libEMLib_efm32_debug.a(em_cmu.o)
                0x00021b7c                CMU_ClockEnable
 .text.CMU_ClockFreqGet
                0x00021c88      0x1e8 ./../Libraries/EMlib/EMLib/../BCDS_Customization/debug/libEMLib_efm32_debug.a(em_cmu.o)
                0x00021c88                CMU_ClockFreqGet
 .text.CMU_ClockSelectGet
                0x00021e70      0x1a4 ./../Libraries/EMlib/EMLib/../BCDS_Customization/debug/libEMLib_efm32_debug.a(em_cmu.o)
                0x00021e70                CMU_ClockSelectGet
 .text.CMU_ClockSelectSet
                0x00022014      0x38c ./../Libraries/EMlib/EMLib/../BCDS_Customization/debug/libEMLib_efm32_debug.a(em_cmu.o)
                0x00022014                CMU_ClockSelectSet
 .text.CMU_OscillatorEnable
                0x000223a0       0xe8 ./../Libraries/EMlib/EMLib/../BCDS_Customization/debug/libEMLib_efm32_debug.a(em_cmu.o)
                0x000223a0                CMU_OscillatorEnable
 .text.NVIC_EnableIRQ
                0x00022488       0x38 ./../Libraries/EMlib/EMLib/../BCDS_Customization/debug/libEMLib_efm32_debug.a(em_dma.o)
 .text.NVIC_DisableIRQ
                0x000224c0       0x3c ./../Libraries/EMlib/EMLib/../BCDS_Customization/debug/libEMLib_efm32_debug.a(em_dma.o)
 .text.NVIC_ClearPendingIRQ
                0x000224fc       0x3c ./../Libraries/EMlib/EMLib/../BCDS_Customization/debug/libEMLib_efm32_debug.a(em_dma.o)
 .text.BITBAND_Peripheral
                0x00022538       0x30 ./../Libraries/EMlib/EMLib/../BCDS_Customization/debug/libEMLib_efm32_debug.a(em_dma.o)
 .text.DMA_Prepare
                0x00022568      0x138 ./../Libraries/EMlib/EMLib/../BCDS_Customization/debug/libEMLib_efm32_debug.a(em_dma.o)
 .text.DMA_IRQHandler
                0x000226a0      0x110 ./../Libraries/EMlib/EMLib/../BCDS_Customization/debug/libEMLib_efm32_debug.a(em_dma.o)
                0x000226a0                DMA_IRQHandler
 .text.DMA_ActivateBasic
                0x000227b0       0x48 ./../Libraries/EMlib/EMLib/../BCDS_Customization/debug/libEMLib_efm32_debug.a(em_dma.o)
                0x000227b0                DMA_ActivateBasic
 .text.DMA_CfgChannel
                0x000227f8       0xc0 ./../Libraries/EMlib/EMLib/../BCDS_Customization/debug/libEMLib_efm32_debug.a(em_dma.o)
                0x000227f8                DMA_CfgChannel
 .text.DMA_CfgDescr
                0x000228b8       0x84 ./../Libraries/EMlib/EMLib/../BCDS_Customization/debug/libEMLib_efm32_debug.a(em_dma.o)
                0x000228b8                DMA_CfgDescr
 .text.DMA_Init
                0x0002293c       0x70 ./../Libraries/EMlib/EMLib/../BCDS_Customization/debug/libEMLib_efm32_debug.a(em_dma.o)
                0x0002293c                DMA_Init
 .text.DMA_Reset
                0x000229ac       0xd4 ./../Libraries/EMlib/EMLib/../BCDS_Customization/debug/libEMLib_efm32_debug.a(em_dma.o)
                0x000229ac                DMA_Reset
 .text.EMU_UpdateOscConfig
                0x00022a80       0x20 ./../Libraries/EMlib/EMLib/../BCDS_Customization/debug/libEMLib_efm32_debug.a(em_emu.o)
                0x00022a80                EMU_UpdateOscConfig
 .text.BITBAND_Peripheral
                0x00022aa0       0x30 ./../Libraries/EMlib/EMLib/../BCDS_Customization/debug/libEMLib_efm32_debug.a(em_gpio.o)
 .text.GPIO_DriveModeSet
                0x00022ad0       0x60 ./../Libraries/EMlib/EMLib/../BCDS_Customization/debug/libEMLib_efm32_debug.a(em_gpio.o)
                0x00022ad0                GPIO_DriveModeSet
 .text.GPIO_IntConfig
                0x00022b30       0xf4 ./../Libraries/EMlib/EMLib/../BCDS_Customization/debug/libEMLib_efm32_debug.a(em_gpio.o)
                0x00022b30                GPIO_IntConfig
 .text.GPIO_PinModeSet
                0x00022c24      0x1b8 ./../Libraries/EMlib/EMLib/../BCDS_Customization/debug/libEMLib_efm32_debug.a(em_gpio.o)
                0x00022c24                GPIO_PinModeSet
 .text.BITBAND_Peripheral
                0x00022ddc       0x30 ./../Libraries/EMlib/EMLib/../BCDS_Customization/debug/libEMLib_efm32_debug.a(em_i2c.o)
 .text.I2C_BusFreqSet
                0x00022e0c       0x94 ./../Libraries/EMlib/EMLib/../BCDS_Customization/debug/libEMLib_efm32_debug.a(em_i2c.o)
                0x00022e0c                I2C_BusFreqSet
 .text.I2C_Init
                0x00022ea0       0x84 ./../Libraries/EMlib/EMLib/../BCDS_Customization/debug/libEMLib_efm32_debug.a(em_i2c.o)
                0x00022ea0                I2C_Init
 .text.LEUART_Sync
                0x00022f24       0x34 ./../Libraries/EMlib/EMLib/../BCDS_Customization/debug/libEMLib_efm32_debug.a(em_leuart.o)
 .text.LEUART_BaudrateSet
                0x00022f58       0x90 ./../Libraries/EMlib/EMLib/../BCDS_Customization/debug/libEMLib_efm32_debug.a(em_leuart.o)
                0x00022f58                LEUART_BaudrateSet
 .text.LEUART_FreezeEnable
                0x00022fe8       0x38 ./../Libraries/EMlib/EMLib/../BCDS_Customization/debug/libEMLib_efm32_debug.a(em_leuart.o)
                0x00022fe8                LEUART_FreezeEnable
 .text.LEUART_Init
                0x00023020       0x8c ./../Libraries/EMlib/EMLib/../BCDS_Customization/debug/libEMLib_efm32_debug.a(em_leuart.o)
                0x00023020                LEUART_Init
 .text.LEUART_Reset
                0x000230ac       0x88 ./../Libraries/EMlib/EMLib/../BCDS_Customization/debug/libEMLib_efm32_debug.a(em_leuart.o)